Component: ARM Compiler 5.06 update 6 (build 750) Tool: armlink [4d35ed]

==============================================================================

Section Cross References

    startup_stm32f40_41xxx.o(STACK) refers (Special) to heapauxi.o(.text) for __use_two_region_memory
    startup_stm32f40_41xxx.o(HEAP) refers (Special) to heapauxi.o(.text) for __use_two_region_memory
    startup_stm32f40_41xxx.o(RESET) refers (Special) to heapauxi.o(.text) for __use_two_region_memory
    startup_stm32f40_41xxx.o(RESET) refers to startup_stm32f40_41xxx.o(STACK) for __initial_sp
    startup_stm32f40_41xxx.o(RESET) refers to startup_stm32f40_41xxx.o(.text) for Reset_Handler
    startup_stm32f40_41xxx.o(RESET) refers to stm32f4xx_it.o(i.NMI_Handler) for NMI_Handler
    startup_stm32f40_41xxx.o(RESET) refers to stm32f4xx_it.o(i.HardFault_Handler) for HardFault_Handler
    startup_stm32f40_41xxx.o(RESET) refers to stm32f4xx_it.o(i.MemManage_Handler) for MemManage_Handler
    startup_stm32f40_41xxx.o(RESET) refers to stm32f4xx_it.o(i.BusFault_Handler) for BusFault_Handler
    startup_stm32f40_41xxx.o(RESET) refers to stm32f4xx_it.o(i.UsageFault_Handler) for UsageFault_Handler
    startup_stm32f40_41xxx.o(RESET) refers to stm32f4xx_it.o(i.SVC_Handler) for SVC_Handler
    startup_stm32f40_41xxx.o(RESET) refers to stm32f4xx_it.o(i.DebugMon_Handler) for DebugMon_Handler
    startup_stm32f40_41xxx.o(RESET) refers to stm32f4xx_it.o(i.PendSV_Handler) for PendSV_Handler
    startup_stm32f40_41xxx.o(RESET) refers to stm32f4xx_it.o(i.SysTick_Handler) for SysTick_Handler
    startup_stm32f40_41xxx.o(RESET) refers to through-beam.o(i.EXTI0_IRQHandler) for EXTI0_IRQHandler
    startup_stm32f40_41xxx.o(RESET) refers to keyboard.o(i.EXTI1_IRQHandler) for EXTI1_IRQHandler
    startup_stm32f40_41xxx.o(RESET) refers to keyboard.o(i.EXTI2_IRQHandler) for EXTI2_IRQHandler
    startup_stm32f40_41xxx.o(RESET) refers to keyboard.o(i.EXTI3_IRQHandler) for EXTI3_IRQHandler
    startup_stm32f40_41xxx.o(RESET) refers to keyboard.o(i.EXTI4_IRQHandler) for EXTI4_IRQHandler
    startup_stm32f40_41xxx.o(RESET) refers to usart1.o(i.USART1_IRQHandler) for USART1_IRQHandler
    startup_stm32f40_41xxx.o(RESET) refers to bluetooth.o(i.USART2_IRQHandler) for USART2_IRQHandler
    startup_stm32f40_41xxx.o(.text) refers (Special) to heapauxi.o(.text) for __use_two_region_memory
    startup_stm32f40_41xxx.o(.text) refers to system_stm32f4xx.o(i.SystemInit) for SystemInit
    startup_stm32f40_41xxx.o(.text) refers to __main.o(!!!main) for __main
    startup_stm32f40_41xxx.o(.text) refers to startup_stm32f40_41xxx.o(HEAP) for Heap_Mem
    startup_stm32f40_41xxx.o(.text) refers to startup_stm32f40_41xxx.o(STACK) for Stack_Mem
    stm32f4xx_rcc.o(i.RCC_GetClocksFreq) refers to stm32f4xx_rcc.o(.data) for APBAHBPrescTable
    stm32f4xx_rcc.o(i.RCC_WaitForHSEStartUp) refers to stm32f4xx_rcc.o(i.RCC_GetFlagStatus) for RCC_GetFlagStatus
    stm32f4xx_gpio.o(i.GPIO_DeInit) refers to stm32f4xx_rcc.o(i.RCC_AHB1PeriphResetCmd) for RCC_AHB1PeriphResetCmd
    stm32f4xx_tim.o(i.TIM_DeInit) refers to stm32f4xx_rcc.o(i.RCC_APB2PeriphResetCmd) for RCC_APB2PeriphResetCmd
    stm32f4xx_tim.o(i.TIM_DeInit) refers to stm32f4xx_rcc.o(i.RCC_APB1PeriphResetCmd) for RCC_APB1PeriphResetCmd
    stm32f4xx_tim.o(i.TIM_ETRClockMode1Config) refers to stm32f4xx_tim.o(i.TIM_ETRConfig) for TIM_ETRConfig
    stm32f4xx_tim.o(i.TIM_ETRClockMode2Config) refers to stm32f4xx_tim.o(i.TIM_ETRConfig) for TIM_ETRConfig
    stm32f4xx_tim.o(i.TIM_ICInit) refers to stm32f4xx_tim.o(i.TI1_Config) for TI1_Config
    stm32f4xx_tim.o(i.TIM_ICInit) refers to stm32f4xx_tim.o(i.TIM_SetIC1Prescaler) for TIM_SetIC1Prescaler
    stm32f4xx_tim.o(i.TIM_ICInit) refers to stm32f4xx_tim.o(i.TI2_Config) for TI2_Config
    stm32f4xx_tim.o(i.TIM_ICInit) refers to stm32f4xx_tim.o(i.TIM_SetIC2Prescaler) for TIM_SetIC2Prescaler
    stm32f4xx_tim.o(i.TIM_ICInit) refers to stm32f4xx_tim.o(i.TI3_Config) for TI3_Config
    stm32f4xx_tim.o(i.TIM_ICInit) refers to stm32f4xx_tim.o(i.TIM_SetIC3Prescaler) for TIM_SetIC3Prescaler
    stm32f4xx_tim.o(i.TIM_ICInit) refers to stm32f4xx_tim.o(i.TI4_Config) for TI4_Config
    stm32f4xx_tim.o(i.TIM_ICInit) refers to stm32f4xx_tim.o(i.TIM_SetIC4Prescaler) for TIM_SetIC4Prescaler
    stm32f4xx_tim.o(i.TIM_ITRxExternalClockConfig) refers to stm32f4xx_tim.o(i.TIM_SelectInputTrigger) for TIM_SelectInputTrigger
    stm32f4xx_tim.o(i.TIM_PWMIConfig) refers to stm32f4xx_tim.o(i.TI1_Config) for TI1_Config
    stm32f4xx_tim.o(i.TIM_PWMIConfig) refers to stm32f4xx_tim.o(i.TIM_SetIC1Prescaler) for TIM_SetIC1Prescaler
    stm32f4xx_tim.o(i.TIM_PWMIConfig) refers to stm32f4xx_tim.o(i.TI2_Config) for TI2_Config
    stm32f4xx_tim.o(i.TIM_PWMIConfig) refers to stm32f4xx_tim.o(i.TIM_SetIC2Prescaler) for TIM_SetIC2Prescaler
    stm32f4xx_tim.o(i.TIM_TIxExternalClockConfig) refers to stm32f4xx_tim.o(i.TI2_Config) for TI2_Config
[...]
    ..\HARDWARE\mqtt\cJSON.c                 0x00000000   Number         0  cjson.o ABSOLUTE
    ..\HARDWARE\printf\printf.c              0x00000000   Number         0  printf.o ABSOLUTE
    ..\HARDWARE\steeringengine\steering.c    0x00000000   Number         0  steering.o ABSOLUTE
    ..\HARDWARE\through-beam\through-beam.c  0x00000000   Number         0  through-beam.o ABSOLUTE
    ..\HARDWARE\usart1\usart1.c              0x00000000   Number         0  usart1.o ABSOLUTE
    ..\SYSTEM\sys.c                          0x00000000   Number         0  sys.o ABSOLUTE
    ..\SYSTEM\system_stm32f4xx.c             0x00000000   Number         0  system_stm32f4xx.o ABSOLUTE
    ..\\DEVICE_LIB\\src\\misc.c              0x00000000   Number         0  misc.o ABSOLUTE
    ..\\DEVICE_LIB\\src\\stm32f4xx_exti.c    0x00000000   Number         0  stm32f4xx_exti.o ABSOLUTE
    ..\\DEVICE_LIB\\src\\stm32f4xx_fsmc.c    0x00000000   Number         0  stm32f4xx_fsmc.o ABSOLUTE
    ..\\DEVICE_LIB\\src\\stm32f4xx_gpio.c    0x00000000   Number         0  stm32f4xx_gpio.o ABSOLUTE
    ..\\DEVICE_LIB\\src\\stm32f4xx_rcc.c     0x00000000   Number         0  stm32f4xx_rcc.o ABSOLUTE
    ..\\DEVICE_LIB\\src\\stm32f4xx_syscfg.c  0x00000000   Number         0  stm32f4xx_syscfg.o ABSOLUTE
    ..\\DEVICE_LIB\\src\\stm32f4xx_tim.c     0x00000000   Number         0  stm32f4xx_tim.o ABSOLUTE
    ..\\DEVICE_LIB\\src\\stm32f4xx_usart.c   0x00000000   Number         0  stm32f4xx_usart.o ABSOLUTE
    ..\\HARDWARE\\24C02\\24c02.c             0x00000000   Number         0  24c02.o ABSOLUTE
    ..\\HARDWARE\\Common\\common.c           0x00000000   Number         0  common.o ABSOLUTE
    ..\\HARDWARE\\JQ8900-16P\\jq8900.c       0x00000000   Number         0  jq8900.o ABSOLUTE
    ..\\HARDWARE\\LCD\\lcd.c                 0x00000000   Number         0  lcd.o ABSOLUTE
    ..\\HARDWARE\\Raindrop_detection\\Raindrop_detection.c 0x00000000   Number         0  raindrop_detection.o ABSOLUTE
    ..\\HARDWARE\\Temp\\DS18B20.c            0x00000000   Number         0  ds18b20.o ABSOLUTE
    ..\\HARDWARE\\bluetooth\\bluetooth.c     0x00000000   Number         0  bluetooth.o ABSOLUTE
    ..\\HARDWARE\\delay\\delay.c             0x00000000   Number         0  delay.o ABSOLUTE
    ..\\HARDWARE\\heater_plate\\heater_plate.c 0x00000000   Number         0  heater_plate.o ABSOLUTE
    ..\\HARDWARE\\keyboard\\keyboard.c       0x00000000   Number         0  keyboard.o ABSOLUTE
    ..\\HARDWARE\\printf\\printf.c           0x00000000   Number         0  printf.o ABSOLUTE
    ..\\HARDWARE\\steeringengine\\steering.c 0x00000000   Number         0  steering.o ABSOLUTE
    ..\\HARDWARE\\through-beam\\through-beam.c 0x00000000   Number         0  through-beam.o ABSOLUTE
    ..\\HARDWARE\\usart1\\usart1.c           0x00000000   Number         0  usart1.o ABSOLUTE
    ..\\SYSTEM\\sys.c                        0x00000000   Number         0  sys.o ABSOLUTE
    ..\\SYSTEM\\system_stm32f4xx.c           0x00000000   Number         0  system_stm32f4xx.o ABSOLUTE
    dc.s                                     0x00000000   Number         0  dc.o ABSOLUTE
    main.c                                   0x00000000   Number         0  main.o ABSOLUTE
    main.c                                   0x00000000   Number         0  main.o ABSOLUTE
    stm32f4xx_it.c                           0x00000000   Number         0  stm32f4xx_it.o ABSOLUTE
    stm32f4xx_it.c                           0x00000000   Number         0  stm32f4xx_it.o ABSOLUTE
    RESET                                    0x08000000   Section      392  startup_stm32f40_41xxx.o(RESET)
    !!!main                                  0x08000188   Section        8  __main.o(!!!main)
    !!!scatter                               0x08000190   Section       52  __scatter.o(!!!scatter)
    !!handler_copy                           0x080001c4   Section       26  __scatter_copy.o(!!handler_copy)
    !!handler_zi                             0x080001e0   Section       28  __scatter_zi.o(!!handler_zi)
    .ARM.Collect$$_printf_percent$$00000000  0x080001fc   Section        0  _printf_percent.o(.ARM.Collect$$_printf_percent$$00000000)
    .ARM.Collect$$_printf_percent$$00000009  0x080001fc   Section        6  _printf_d.o(.ARM.Collect$$_printf_percent$$00000009)
    .ARM.Collect$$_printf_percent$$0000000C  0x08000202   Section        6  _printf_x.o(.ARM.Collect$$_printf_percent$$0000000C)
    .ARM.Collect$$_printf_percent$$00000014  0x08000208   Section        6  _printf_s.o(.ARM.Collect$$_printf_percent$$00000014)
    .ARM.Collect$$_printf_percent$$00000017  0x0800020e   Section        4  _printf_percent_end.o(.ARM.Collect$$_printf_percent$$00000017)
    .ARM.Collect$$libinit$$00000000          0x08000212   Section        2  libinit.o(.ARM.Collect$$libinit$$00000000)
    .ARM.Collect$$libinit$$00000001          0x08000214   Section        4  libinit2.o(.ARM.Collect$$libinit$$00000001)
    .ARM.Collect$$libinit$$00000004          0x08000218   Section        0  libinit2.o(.ARM.Collect$$libinit$$00000004)
    .ARM.Collect$$libinit$$0000000A          0x08000218   Section        0  libinit2.o(.ARM.Collect$$libinit$$0000000A)
    .ARM.Collect$$libinit$$0000000C          0x08000218   Section        0  libinit2.o(.ARM.Collect$$libinit$$0000000C)
    .ARM.Collect$$libinit$$0000000E          0x08000218   Section        0  libinit2.o(.ARM.Collect$$libinit$$0000000E)
    .ARM.Collect$$libinit$$00000011          0x08000218   Section        0  libinit2.o(.ARM.Collect$$libinit$$00000011)
    .ARM.Collect$$libinit$$00000013          0x08000218   Section        0  libinit2.o(.ARM.Collect$$libinit$$00000013)
    .ARM.Collect$$libinit$$00000015          0x08000218   Section        0  libinit2.o(.ARM.Collect$$libinit$$00000015)
    .ARM.Collect$$libinit$$00000017          0x08000218   Section        0  libinit2.o(.ARM.Collect$$libinit$$00000017)
    .ARM.Collect$$libinit$$00000019          0x08000218   Section        0  libinit2.o(.ARM.Collect$$libinit$$00000019)
    .ARM.Collect$$libinit$$0000001B          0x08000218   Section        0  libinit2.o(.ARM.Collect$$libinit$$0000001B)
    .ARM.Collect$$libinit$$0000001D          0x08000218   Section        0  libinit2.o(.ARM.Collect$$libinit$$0000001D)
    .ARM.Collect$$libinit$$0000001F          0x08000218   Section        0  libinit2.o(.ARM.Collect$$libinit$$0000001F)
    .ARM.Collect$$libinit$$00000021          0x08000218   Section        0  libinit2.o(.ARM.Collect$$libinit$$00000021)
    .ARM.Collect$$libinit$$00000023          0x08000218   Section        0  libinit2.o(.ARM.Collect$$libinit$$00000023)
    .ARM.Collect$$libinit$$00000025          0x08000218   Section        0  libinit2.o(.ARM.Collect$$libinit$$00000025)
    .ARM.Collect$$libinit$$0000002C          0x08000218   Section        0  libinit2.o(.ARM.Collect$$libinit$$0000002C)
    .ARM.Collect$$libinit$$0000002E          0x08000218   Section        0  libinit2.o(.ARM.Collect$$libinit$$0000002E)
    .ARM.Collect$$libinit$$00000030          0x08000218   Section        0  libinit2.o(.ARM.Collect$$libinit$$00000030)
    .ARM.Collect$$libinit$$00000032          0x08000218   Section        0  libinit2.o(.ARM.Collect$$libinit$$00000032)
    .ARM.Collect$$libinit$$00000033          0x08000218   Section        2  libinit2.o(.ARM.Collect$$libinit$$00000033)
    .ARM.Collect$$libshutdown$$00000000      0x0800021a   Section        2  libshutdown.o(.ARM.Collect$$libshutdown$$00000000)
    .ARM.Collect$$libshutdown$$00000002      0x0800021c   Section        0  libshutdown2.o(.ARM.Collect$$libshutdown$$00000002)
    .ARM.Collect$$libshutdown$$00000004      0x0800021c   Section        0  libshutdown2.o(.ARM.Collect$$libshutdown$$00000004)
    .ARM.Collect$$libshutdown$$00000007      0x0800021c   Section        0  libshutdown2.o(.ARM.Collect$$libshutdown$$00000007)
    .ARM.Collect$$libshutdown$$0000000A      0x0800021c   Section        0  libshutdown2.o(.ARM.Collect$$libshutdown$$0000000A)
    .ARM.Collect$$libshutdown$$0000000C      0x0800021c   Section        0  libshutdown2.o(.ARM.Collect$$libshutdown$$0000000C)
    .ARM.Collect$$libshutdown$$0000000F      0x0800021c   Section        0  libshutdown2.o(.ARM.Collect$$libshutdown$$0000000F)
    .ARM.Collect$$libshutdown$$00000010      0x0800021c   Section        2  libshutdown2.o(.ARM.Collect$$libshutdown$$00000010)
    .ARM.Collect$$rtentry$$00000000          0x0800021e   Section        0  __rtentry.o(.ARM.Collect$$rtentry$$00000000)
    .ARM.Collect$$rtentry$$00000002          0x0800021e   Section        0  __rtentry2.o(.ARM.Collect$$rtentry$$00000002)
    .ARM.Collect$$rtentry$$00000004          0x0800021e   Section        6  __rtentry4.o(.ARM.Collect$$rtentry$$00000004)
    .ARM.Collect$$rtentry$$00000009          0x08000224   Section        0  __rtentry2.o(.ARM.Collect$$rtentry$$00000009)
    .ARM.Collect$$rtentry$$0000000A          0x08000224   Section        4  __rtentry2.o(.ARM.Collect$$rtentry$$0000000A)
    .ARM.Collect$$rtentry$$0000000C          0x08000228   Section        0  __rtentry2.o(.ARM.Collect$$rtentry$$0000000C)
    .ARM.Collect$$rtentry$$0000000D          0x08000228   Section        8  __rtentry2.o(.ARM.Collect$$rtentry$$0000000D)
    .ARM.Collect$$rtexit$$00000000           0x08000230   Section        2  rtexit.o(.ARM.Collect$$rtexit$$00000000)
    .ARM.Collect$$rtexit$$00000002           0x08000232   Section        0  rtexit2.o(.ARM.Collect$$rtexit$$00000002)
    .ARM.Collect$$rtexit$$00000003           0x08000232   Section        4  rtexit2.o(.ARM.Collect$$rtexit$$00000003)
    .ARM.Collect$$rtexit$$00000004           0x08000236   Section        6  rtexit2.o(.ARM.Collect$$rtexit$$00000004)
    .text                                    0x0800023c   Section       64  startup_stm32f40_41xxx.o(.text)
    $v0                                      0x0800023c   Number         0  startup_stm32f40_41xxx.o(.text)
    .text                                    0x0800027c   Section        2  use_no_semi.o(.text)
    .text                                    0x08000280   Section        0  __2printf.o(.text)
    .text                                    0x08000298   Section        0  __2sprintf.o(.text)
    .text                                    0x080002c4   Section        0  _printf_str.o(.text)
    .text                                    0x08000318   Section        0  _printf_dec.o(.text)
    .text                                    0x08000390   Section        0  _printf_hex_int.o(.text)
    .text                                    0x080003e8   Section        0  __printf_flags_wp.o(.text)
    .text                                    0x08000520   Section        0  heapauxi.o(.text)
    .text                                    0x08000526   Section        0  _printf_intcommon.o(.text)
    .text                                    0x080005d8   Section        0  _printf_char_common.o(.text)
    _printf_input_char                       0x080005d9   Thumb Code    10  _printf_char_common.o(.text)
    .text                                    0x08000608   Section        0  _sputc.o(.text)
    .text                                    0x08000612   Section        0  _printf_char.o(.text)
    .text                                    0x08000640   Section        0  _printf_char_file.o(.text)
    .text                                    0x08000664   Section        8  libspace.o(.text)
    .text                                    0x0800066c   Section        0  ferror.o(.text)
    .text                                    0x08000674   Section       74  sys_stackheap_outer.o(.text)
    .text                                    0x080006be   Section        0  exit.o(.text)
    i.BLUETOOTH_Config                       0x080006d0   Section        0  bluetooth.o(i.BLUETOOTH_Config)
    i.BS18B20_WriteByte                      0x0800077c   Section        0  ds18b20.o(i.BS18B20_WriteByte)
    i.BusFault_Handler                       0x080007e0   Section        0  stm32f4xx_it.o(i.BusFault_Handler)
    i.DS18B20_CheckDevice                    0x080007e4   Section        0  ds18b20.o(i.DS18B20_CheckDevice)
    i.DS18B20_CheckReadySingle               0x080007f0   Section        0  ds18b20.o(i.DS18B20_CheckReadySingle)
    i.DS18B20_GetTemperature                 0x08000840   Section        0  ds18b20.o(i.DS18B20_GetTemperature)
    i.DS18B20_IN                             0x08000900   Section        0  ds18b20.o(i.DS18B20_IN)
    DS18B20_IN                               0x08000901   Thumb Code    14  ds18b20.o(i.DS18B20_IN)
    i.DS18B20_InPut_Mode                     0x08000914   Section        0  ds18b20.o(i.DS18B20_InPut_Mode)
    DS18B20_InPut_Mode                       0x08000915   Thumb Code    36  ds18b20.o(i.DS18B20_InPut_Mode)
    i.DS18B20_Init                           0x0800093c   Section        0  ds18b20.o(i.DS18B20_Init)
    i.DS18B20_OutPut_Mode                    0x080009c8   Section        0  ds18b20.o(i.DS18B20_OutPut_Mode)
    DS18B20_OutPut_Mode                      0x080009c9   Thumb Code    38  ds18b20.o(i.DS18B20_OutPut_Mode)
    i.DS18B20_ReadByte                       0x080009f4   Section        0  ds18b20.o(i.DS18B20_ReadByte)
    i.DS18B20_ReadRomInfo                    0x08000a48   Section        0  ds18b20.o(i.DS18B20_ReadRomInfo)
    i.DS18B20_SendRestSingle                 0x08000ab4   Section        0  ds18b20.o(i.DS18B20_SendRestSingle)
    i.DebugMon_Handler                       0x08000ae4   Section        0  stm32f4xx_it.o(i.DebugMon_Handler)
    i.Delay_ms                               0x08000ae6   Section        0  delay.o(i.Delay_ms)
    i.Delay_us                               0x08000b00   Section        0  delay.o(i.Delay_us)
    i.EXTI0_IRQHandler                       0x08000b38   Section        0  through-beam.o(i.EXTI0_IRQHandler)
    i.EXTI1_IRQHandler                       0x08000b68   Section        0  keyboard.o(i.EXTI1_IRQHandler)
    i.EXTI2_IRQHandler                       0x08000be0   Section        0  keyboard.o(i.EXTI2_IRQHandler)
    i.EXTI3_IRQHandler                       0x08000c48   Section        0  keyboard.o(i.EXTI3_IRQHandler)
    i.EXTI4_IRQHandler                       0x08000cc0   Section        0  keyboard.o(i.EXTI4_IRQHandler)
    i.EXTI_ClearITPendingBit                 0x08000d28   Section        0  stm32f4xx_exti.o(i.EXTI_ClearITPendingBit)
    i.EXTI_GetITStatus                       0x08000d34   Section        0  stm32f4xx_exti.o(i.EXTI_GetITStatus)
    i.EXTI_Init                              0x08000d4c   Section        0  stm32f4xx_exti.o(i.EXTI_Init)
    i.FSMC_NORSRAMCmd                        0x08000de0   Section        0  stm32f4xx_fsmc.o(i.FSMC_NORSRAMCmd)
    i.FSMC_NORSRAMInit                       0x08000e14   Section        0  stm32f4xx_fsmc.o(i.FSMC_NORSRAMInit)
    i.GPIO_Init                              0x08000efa   Section        0  stm32f4xx_gpio.o(i.GPIO_Init)
    i.GPIO_KEY_Init                          0x08000f8c   Section        0  keyboard.o(i.GPIO_KEY_Init)
    i.GPIO_PinAFConfig                       0x080010d4   Section        0  stm32f4xx_gpio.o(i.GPIO_PinAFConfig)
    i.GPIO_ReadInputDataBit                  0x0800111a   Section        0  stm32f4xx_gpio.o(i.GPIO_ReadInputDataBit)
    i.GPIO_ResetBits                         0x0800112c   Section        0  stm32f4xx_gpio.o(i.GPIO_ResetBits)
    i.GPIO_SetBits                           0x08001130   Section        0  stm32f4xx_gpio.o(i.GPIO_SetBits)
    i.HEATER_PLATE_Config                    0x08001134   Section        0  heater_plate.o(i.HEATER_PLATE_Config)
    i.HEATER_PLATE_Heating                   0x08001170   Section        0  heater_plate.o(i.HEATER_PLATE_Heating)
    i.HEATER_PLATE_Stop                      0x08001180   Section        0  heater_plate.o(i.HEATER_PLATE_Stop)
    i.HardFault_Handler                      0x08001190   Section        0  stm32f4xx_it.o(i.HardFault_Handler)
    i.JQ8900_Config                          0x08001194   Section        0  jq8900.o(i.JQ8900_Config)
    i.JQ8900_PlayThirdlyVoice                0x080011c8   Section        0  jq8900.o(i.JQ8900_PlayThirdlyVoice)
    i.LCD_Clear                              0x08001200   Section        0  lcd.o(i.LCD_Clear)
    i.LCD_Display_Dir                        0x0800126c   Section        0  lcd.o(i.LCD_Display_Dir)
    i.LCD_Fast_DrawPoint                     0x080013dc   Section        0  lcd.o(i.LCD_Fast_DrawPoint)
    i.LCD_Init                               0x080014f8   Section        0  lcd.o(i.LCD_Init)
    i.LCD_RD_DATA                            0x08004c28   Section        0  lcd.o(i.LCD_RD_DATA)
    i.LCD_ReadReg                            0x08004c3c   Section        0  lcd.o(i.LCD_ReadReg)
    i.LCD_Scan_Dir                           0x08004c54   Section        0  lcd.o(i.LCD_Scan_Dir)
    i.LCD_SetCursor                          0x08004f30   Section        0  lcd.o(i.LCD_SetCursor)
    i.LCD_ShowChar                           0x0800503c   Section        0  lcd.o(i.LCD_ShowChar)
    i.LCD_ShowString                         0x08005164   Section        0  lcd.o(i.LCD_ShowString)
    i.LCD_WR_DATA                            0x080051cc   Section        0  lcd.o(i.LCD_WR_DATA)
    i.LCD_WR_REG                             0x080051e4   Section        0  lcd.o(i.LCD_WR_REG)
    i.LCD_WriteRAM_Prepare                   0x080051fc   Section        0  lcd.o(i.LCD_WriteRAM_Prepare)
    i.LCD_WriteReg                           0x08005210   Section        0  lcd.o(i.LCD_WriteReg)
    i.MemManage_Handler                      0x08005228   Section        0  stm32f4xx_it.o(i.MemManage_Handler)
    i.NMI_Handler                            0x0800522c   Section        0  stm32f4xx_it.o(i.NMI_Handler)
    i.NVIC_Init                              0x08005230   Section        0  misc.o(i.NVIC_Init)
    i.NVIC_PriorityGroupConfig               0x080052a8   Section        0  misc.o(i.NVIC_PriorityGroupConfig)
    i.OLED_ShowString                        0x080052bc   Section        0  ds18b20.o(i.OLED_ShowString)
    OLED_ShowString                          0x080052bd   Thumb Code    18  ds18b20.o(i.OLED_ShowString)
    i.PendSV_Handler                         0x080052d8   Section        0  stm32f4xx_it.o(i.PendSV_Handler)
    i.RAINDROP_DETECTION_Config              0x080052dc   Section        0  raindrop_detection.o(i.RAINDROP_DETECTION_Config)
    i.RAINDROP_DETECTION_ReadInputBits       0x08005318   Section        0  raindrop_detection.o(i.RAINDROP_DETECTION_ReadInputBits)
    i.RCC_AHB1PeriphClockCmd                 0x080053a8   Section        0  stm32f4xx_rcc.o(i.RCC_AHB1PeriphClockCmd)
    i.RCC_AHB3PeriphClockCmd                 0x080053c8   Section        0  stm32f4xx_rcc.o(i.RCC_AHB3PeriphClockCmd)
    i.RCC_APB1PeriphClockCmd                 0x080053e8   Section        0  stm32f4xx_rcc.o(i.RCC_APB1PeriphClockCmd)
    i.RCC_APB2PeriphClockCmd                 0x08005408   Section        0  stm32f4xx_rcc.o(i.RCC_APB2PeriphClockCmd)
    i.RCC_GetClocksFreq                      0x08005428   Section        0  stm32f4xx_rcc.o(i.RCC_GetClocksFreq)
    i.STEERING_ENGINE_Config                 0x08005510   Section        0  steering.o(i.STEERING_ENGINE_Config)
    i.STEERING_ENGINE_Foreward               0x080055bc   Section        0  steering.o(i.STEERING_ENGINE_Foreward)
    i.SVC_Handler                            0x08005608   Section        0  stm32f4xx_it.o(i.SVC_Handler)
    i.SYSCFG_EXTILineConfig                  0x0800560c   Section        0  stm32f4xx_syscfg.o(i.SYSCFG_EXTILineConfig)
    i.SetSysClock                            0x0800564c   Section        0  system_stm32f4xx.o(i.SetSysClock)
    SetSysClock                              0x0800564d   Thumb Code   220  system_stm32f4xx.o(i.SetSysClock)
    i.SysTick_CLKSourceConfig                0x08005738   Section        0  misc.o(i.SysTick_CLKSourceConfig)
    i.SysTick_Handler                        0x08005760   Section        0  stm32f4xx_it.o(i.SysTick_Handler)
    i.SystemInit                             0x08005764   Section        0  system_stm32f4xx.o(i.SystemInit)
    i.THROUGH_BEAM_Config                    0x080057cc   Section        0  through-beam.o(i.THROUGH_BEAM_Config)
    i.TIM_ARRPreloadConfig                   0x0800584c   Section        0  stm32f4xx_tim.o(i.TIM_ARRPreloadConfig)
    i.TIM_Cmd                                0x08005864   Section        0  stm32f4xx_tim.o(i.TIM_Cmd)
    i.TIM_OC1Init                            0x0800587c   Section        0  stm32f4xx_tim.o(i.TIM_OC1Init)
    i.TIM_OC1PreloadConfig                   0x080058f8   Section        0  stm32f4xx_tim.o(i.TIM_OC1PreloadConfig)
    i.TIM_SetCompare1                        0x0800590a   Section        0  stm32f4xx_tim.o(i.TIM_SetCompare1)
    i.TIM_TimeBaseInit                       0x08005910   Section        0  stm32f4xx_tim.o(i.TIM_TimeBaseInit)
    i.USART1_IRQHandler                      0x08005994   Section        0  usart1.o(i.USART1_IRQHandler)
    i.USART2_IRQHandler                      0x08005a18   Section        0  bluetooth.o(i.USART2_IRQHandler)
    i.USART_ClearFlag                        0x08005b08   Section        0  stm32f4xx_usart.o(i.USART_ClearFlag)
    i.USART_Cmd                              0x08005b1a   Section        0  stm32f4xx_usart.o(i.USART_Cmd)
    i.USART_GetFlagStatus                    0x08005b32   Section        0  stm32f4xx_usart.o(i.USART_GetFlagStatus)
    i.USART_GetITStatus                      0x08005b4c   Section        0  stm32f4xx_usart.o(i.USART_GetITStatus)
    i.USART_ITConfig                         0x08005ba0   Section        0  stm32f4xx_usart.o(i.USART_ITConfig)
    i.USART_Init                             0x08005bec   Section        0  stm32f4xx_usart.o(i.USART_Init)
    i.USART_ReceiveData                      0x08005cc0   Section        0  stm32f4xx_usart.o(i.USART_ReceiveData)
    i.USART_SendData                         0x08005cca   Section        0  stm32f4xx_usart.o(i.USART_SendData)
    i.USART_SendString                       0x08005cd4   Section        0  bluetooth.o(i.USART_SendString)
    i.UsageFault_Handler                     0x08005d00   Section        0  stm32f4xx_it.o(i.UsageFault_Handler)
    i._is_digit                              0x08005d04   Section        0  __printf_wp.o(i._is_digit)
    i._sys_exit                              0x08005d12   Section        0  printf.o(i._sys_exit)
    i.delay_init                             0x08005d14   Section        0  common.o(i.delay_init)
    i.delay_ms                               0x08005d48   Section        0  common.o(i.delay_ms)
    i.delay_nnms                             0x08005d80   Section        0  delay.o(i.delay_nnms)
    i.delay_nnus                             0x08005da0   Section        0  delay.o(i.delay_nnus)
    i.delay_us                               0x08005dc8   Section        0  common.o(i.delay_us)
    i.delay_xms                              0x08005e14   Section        0  common.o(i.delay_xms)
    i.fputc                                  0x08005e60   Section        0  printf.o(i.fputc)
    i.main                                   0x08005e84   Section        0  main.o(i.main)
    i.uart1_init                             0x08006128   Section        0  usart1.o(i.uart1_init)
    x$fpl$dfixu                              0x080061dc   Section       90  dfixu.o(x$fpl$dfixu)
    $v0                                      0x080061dc   Number         0  dfixu.o(x$fpl$dfixu)
    x$fpl$dfltu                              0x08006236   Section       38  dflt_clz.o(x$fpl$dfltu)
    $v0                                      0x08006236   Number         0  dflt_clz.o(x$fpl$dfltu)
    x$fpl$dmul                               0x0800625c   Section      340  dmul.o(x$fpl$dmul)
    $v0                                      0x0800625c   Number         0  dmul.o(x$fpl$dmul)
    x$fpl$dnaninf                            0x080063b0   Section      156  dnaninf.o(x$fpl$dnaninf)
    $v0                                      0x080063b0   Number         0  dnaninf.o(x$fpl$dnaninf)
    x$fpl$dretinf                            0x0800644c   Section       12  dretinf.o(x$fpl$dretinf)
    $v0                                      0x0800644c   Number         0  dretinf.o(x$fpl$dretinf)
    x$fpl$fpinit                             0x08006458   Section       10  fpinit.o(x$fpl$fpinit)
    $v0                                      0x08006458   Number         0  fpinit.o(x$fpl$fpinit)
    .constdata                               0x08006462   Section     6080  lcd.o(.constdata)
    x$fpl$usenofp                            0x08006462   Section        0  usenofp.o(x$fpl$usenofp)
    .constdata                               0x08007c24   Section       24  main.o(.constdata)
    .constdata                               0x08007c3c   Section       40  _printf_hex_int.o(.constdata)
    uc_hextab                                0x08007c3c   Data          20  _printf_hex_int.o(.constdata)
    lc_hextab                                0x08007c50   Data          20  _printf_hex_int.o(.constdata)
    .constdata                               0x08007c64   Section       17  __printf_flags_wp.o(.constdata)
    maptable                                 0x08007c64   Data          17  __printf_flags_wp.o(.constdata)
    .data                                    0x20000000   Section       16  stm32f4xx_rcc.o(.data)
    APBAHBPrescTable                         0x20000000   Data          16  stm32f4xx_rcc.o(.data)
    .data                                    0x20000010   Section       12  keyboard.o(.data)
    .data                                    0x2000001c   Section        8  printf.o(.data)
    .data                                    0x20000024   Section        1  usart1.o(.data)
    .data                                    0x20000028   Section        5  bluetooth.o(.data)
    ble_cnt                                  0x20000028   Data           4  bluetooth.o(.data)
    ble_bufflags                             0x2000002c   Data           1  bluetooth.o(.data)
    .data                                    0x20000030   Section        4  through-beam.o(.data)
    .data                                    0x20000034   Section       20  ds18b20.o(.data)
    .data                                    0x20000048   Section        4  lcd.o(.data)
    .data                                    0x2000004c   Section        4  common.o(.data)
    fac_us                                   0x2000004c   Data           1  common.o(.data)
    fac_ms                                   0x2000004e   Data           2  common.o(.data)
    .data                                    0x20000050   Section        4  main.o(.data)
    .bss                                     0x20000054   Section       32  keyboard.o(.bss)
    .bss                                     0x20000074   Section      100  usart1.o(.bss)
    .bss                                     0x200000d8   Section      256  bluetooth.o(.bss)
    ble_buf                                  0x200000d8   Data         256  bluetooth.o(.bss)
    .bss                                     0x200001d8   Section       14  lcd.o(.bss)
    .bss                                     0x200001e8   Section       96  libspace.o(.bss)
    HEAP                                     0x20000248   Section      512  startup_stm32f40_41xxx.o(HEAP)
    Heap_Mem                                 0x20000248   Data         512  startup_stm32f40_41xxx.o(HEAP)
    STACK                                    0x20000448   Section     1024  startup_stm32f40_41xxx.o(STACK)
    Stack_Mem                                0x20000448   Data        1024  startup_stm32f40_41xxx.o(STACK)
    __initial_sp                             0x20000848   Data           0  startup_stm32f40_41xxx.o(STACK)

    Global Symbols

    Symbol Name                              Value     Ov Type        Size  Object(Section)

    BuildAttributes$$THM_ISAv4$E$P$D$K$B$S$7EM$VFPi3$EXTD16$VFPS$VFMA$PE$A:L22UL41UL21$X:L11$S22US41US21$IEEE1$IW$USESV6$~STKCKD$USESV7$~SHL$OTIME$ROPI$IEEEX$EBA8$UX$STANDARDLIB$REQ8$PRES8$EABIv2 0x00000000   Number         0  anon$$obj.o ABSOLUTE
    __ARM_use_no_argv                        0x00000000   Number         0  main.o ABSOLUTE
    _printf_flags                            0x00000000   Number         0  printf_stubs.o ABSOLUTE
    _printf_return_value                     0x00000000   Number         0  printf_stubs.o ABSOLUTE
    _printf_sizespec                         0x00000000   Number         0  printf_stubs.o ABSOLUTE
    _printf_widthprec                        0x00000000   Number         0  printf_stubs.o ABSOLUTE
    __ARM_exceptions_init                     - Undefined Weak Reference
    __alloca_initialize                       - Undefined Weak Reference
    __arm_preinit_                            - Undefined Weak Reference
    __cpp_initialize__aeabi_                  - Undefined Weak Reference
    __cxa_finalize                            - Undefined Weak Reference
    __sigvec_lookup                           - Undefined Weak Reference
    __user_heap_extent                        - Undefined Weak Reference
    _atexit_init                              - Undefined Weak Reference
    _call_atexit_fns                          - Undefined Weak Reference
    _clock_init                               - Undefined Weak Reference
    _fp_trap_init                             - Undefined Weak Reference
    _fp_trap_shutdown                         - Undefined Weak Reference
    _get_lc_collate                           - Undefined Weak Reference
    _get_lc_monetary                          - Undefined Weak Reference
    _get_lc_time                              - Undefined Weak Reference
    _getenv_init                              - Undefined Weak Reference
    _handle_redirection                       - Undefined Weak Reference
    _initio                                   - Undefined Weak Reference
    _mutex_acquire                            - Undefined Weak Reference
    _mutex_free                               - Undefined Weak Reference
    _mutex_release                            - Undefined Weak Reference
    _printf_mbtowc                            - Undefined Weak Reference
    _printf_truncate_signed                   - Undefined Weak Reference
    _printf_truncate_unsigned                 - Undefined Weak Reference
    _rand_init                                - Undefined Weak Reference
    _scanf_int                                - Undefined Weak Reference
    _scanf_longlong                           - Undefined Weak Reference
    _scanf_mbtowc                             - Undefined Weak Reference
    _scanf_string                             - Undefined Weak Reference
    _scanf_wctomb                             - Undefined Weak Reference
    _scanf_wstring                            - Undefined Weak Reference
    _signal_finish                            - Undefined Weak Reference
    _signal_init                              - Undefined Weak Reference
    _terminateio                              - Undefined Weak Reference
    __Vectors_Size                           0x00000188   Number         0  startup_stm32f40_41xxx.o ABSOLUTE
    __Vectors                                0x08000000   Data           4  startup_stm32f40_41xxx.o(RESET)
    __Vectors_End                            0x08000188   Data           0  startup_stm32f40_41xxx.o(RESET)
    __main                                   0x08000189   Thumb Code     8  __main.o(!!!main)
    __scatterload                            0x08000191   Thumb Code     0  __scatter.o(!!!scatter)
    __scatterload_rt2                        0x08000191   Thumb Code    44  __scatter.o(!!!scatter)
    __scatterload_rt2_thumb_only             0x08000191   Thumb Code     0  __scatter.o(!!!scatter)
    __scatterload_null                       0x0800019f   Thumb Code     0  __scatter.o(!!!scatter)
    __scatterload_copy                       0x080001c5   Thumb Code    26  __scatter_copy.o(!!handler_copy)
    __scatterload_zeroinit                   0x080001e1   Thumb Code    28  __scatter_zi.o(!!handler_zi)
    _printf_d                                0x080001fd   Thumb Code     0  _printf_d.o(.ARM.Collect$$_printf_percent$$00000009)
    _printf_percent                          0x080001fd   Thumb Code     0  _printf_percent.o(.ARM.Collect$$_printf_percent$$00000000)
    _printf_x                                0x08000203   Thumb Code     0  _printf_x.o(.ARM.Collect$$_printf_percent$$0000000C)
    _printf_s                                0x08000209   Thumb Code     0  _printf_s.o(.ARM.Collect$$_printf_percent$$00000014)
    _printf_percent_end                      0x0800020f   Thumb Code     0  _printf_percent_end.o(.ARM.Collect$$_printf_percent$$00000017)
    __rt_lib_init                            0x08000213   Thumb Code     0  libinit.o(.ARM.Collect$$libinit$$00000000)
    __rt_lib_init_fp_1                       0x08000215   Thumb Code     0  libinit2.o(.ARM.Collect$$libinit$$00000001)
    __rt_lib_init_alloca_1                   0x08000219   Thumb Code     0  libinit2.o(.ARM.Collect$$libinit$$0000002E)
    __rt_lib_init_argv_1                     0x08000219   Thumb Code     0  libinit2.o(.ARM.Collect$$libinit$$0000002C)
    __rt_lib_init_atexit_1                   0x08000219   Thumb Code     0  libinit2.o(.ARM.Collect$$libinit$$0000001B)
    __rt_lib_init_clock_1                    0x08000219   Thumb Code     0  libinit2.o(.ARM.Collect$$libinit$$00000021)
    __rt_lib_init_cpp_1                      0x08000219   Thumb Code     0  libinit2.o(.ARM.Collect$$libinit$$00000032)
    __rt_lib_init_exceptions_1               0x08000219   Thumb Code     0  libinit2.o(.ARM.Collect$$libinit$$00000030)
    __rt_lib_init_fp_trap_1                  0x08000219   Thumb Code     0  libinit2.o(.ARM.Collect$$libinit$$0000001F)
    __rt_lib_init_getenv_1                   0x08000219   Thumb Code     0  libinit2.o(.ARM.Collect$$libinit$$00000023)
    __rt_lib_init_heap_1                     0x08000219   Thumb Code     0  libinit2.o(.ARM.Collect$$libinit$$0000000A)
    __rt_lib_init_lc_collate_1               0x08000219   Thumb Code     0  libinit2.o(.ARM.Collect$$libinit$$00000011)
    __rt_lib_init_lc_ctype_1                 0x08000219   Thumb Code     0  libinit2.o(.ARM.Collect$$libinit$$00000013)
    __rt_lib_init_lc_monetary_1              0x08000219   Thumb Code     0  libinit2.o(.ARM.Collect$$libinit$$00000015)
    __rt_lib_init_lc_numeric_1               0x08000219   Thumb Code     0  libinit2.o(.ARM.Collect$$libinit$$00000017)
    __rt_lib_init_lc_time_1                  0x08000219   Thumb Code     0  libinit2.o(.ARM.Collect$$libinit$$00000019)
    __rt_lib_init_preinit_1                  0x08000219   Thumb Code     0  libinit2.o(.ARM.Collect$$libinit$$00000004)
    __rt_lib_init_rand_1                     0x08000219   Thumb Code     0  libinit2.o(.ARM.Collect$$libinit$$0000000E)
    __rt_lib_init_return                     0x08000219   Thumb Code     0  libinit2.o(.ARM.Collect$$libinit$$00000033)
    __rt_lib_init_signal_1                   0x08000219   Thumb Code     0  libinit2.o(.ARM.Collect$$libinit$$0000001D)
    __rt_lib_init_stdio_1                    0x08000219   Thumb Code     0  libinit2.o(.ARM.Collect$$libinit$$00000025)
    __rt_lib_init_user_alloc_1               0x08000219   Thumb Code     0  libinit2.o(.ARM.Collect$$libinit$$0000000C)
    __rt_lib_shutdown                        0x0800021b   Thumb Code     0  libshutdown.o(.ARM.Collect$$libshutdown$$00000000)
    __rt_lib_shutdown_cpp_1                  0x0800021d   Thumb Code     0  libshutdown2.o(.ARM.Collect$$libshutdown$$00000002)
    __rt_lib_shutdown_fp_trap_1              0x0800021d   Thumb Code     0  libshutdown2.o(.ARM.Collect$$libshutdown$$00000007)
    __rt_lib_shutdown_heap_1                 0x0800021d   Thumb Code     0  libshutdown2.o(.ARM.Collect$$libshutdown$$0000000F)
    __rt_lib_shutdown_return                 0x0800021d   Thumb Code     0  libshutdown2.o(.ARM.Collect$$libshutdown$$00000010)
    __rt_lib_shutdown_signal_1               0x0800021d   Thumb Code     0  libshutdown2.o(.ARM.Collect$$libshutdown$$0000000A)
    __rt_lib_shutdown_stdio_1                0x0800021d   Thumb Code     0  libshutdown2.o(.ARM.Collect$$libshutdown$$00000004)
    __rt_lib_shutdown_user_alloc_1           0x0800021d   Thumb Code     0  libshutdown2.o(.ARM.Collect$$libshutdown$$0000000C)
    __rt_entry                               0x0800021f   Thumb Code     0  __rtentry.o(.ARM.Collect$$rtentry$$00000000)
    __rt_entry_presh_1                       0x0800021f   Thumb Code     0  __rtentry2.o(.ARM.Collect$$rtentry$$00000002)
    __rt_entry_sh                            0x0800021f   Thumb Code     0  __rtentry4.o(.ARM.Collect$$rtentry$$00000004)
    __rt_entry_li                            0x08000225   Thumb Code     0  __rtentry2.o(.ARM.Collect$$rtentry$$0000000A)
    __rt_entry_postsh_1                      0x08000225   Thumb Code     0  __rtentry2.o(.ARM.Collect$$rtentry$$00000009)
    __rt_entry_main                          0x08000229   Thumb Code     0  __rtentry2.o(.ARM.Collect$$rtentry$$0000000D)
    __rt_entry_postli_1                      0x08000229   Thumb Code     0  __rtentry2.o(.ARM.Collect$$rtentry$$0000000C)
    __rt_exit                                0x08000231   Thumb Code     0  rtexit.o(.ARM.Collect$$rtexit$$00000000)
    __rt_exit_ls                             0x08000233   Thumb Code     0  rtexit2.o(.ARM.Collect$$rtexit$$00000003)
    __rt_exit_prels_1                        0x08000233   Thumb Code     0  rtexit2.o(.ARM.Collect$$rtexit$$00000002)
    __rt_exit_exit                           0x08000237   Thumb Code     0  rtexit2.o(.ARM.Collect$$rtexit$$00000004)
    Reset_Handler                            0x0800023d   Thumb Code     8  startup_stm32f40_41xxx.o(.text)
    ADC_IRQHandler                           0x08000257   Thumb Code     0  startup_stm32f40_41xxx.o(.text)
    CAN1_RX0_IRQHandler                      0x08000257   Thumb Code     0  startup_stm32f40_41xxx.o(.text)
    CAN1_RX1_IRQHandler                      0x08000257   Thumb Code     0  startup_stm32f40_41xxx.o(.text)
    CAN1_SCE_IRQHandler                      0x08000257   Thumb Code     0  startup_stm32f40_41xxx.o(.text)
    CAN1_TX_IRQHandler                       0x08000257   Thumb Code     0  startup_stm32f40_41xxx.o(.text)
    CAN2_RX0_IRQHandler                      0x08000257   Thumb Code     0  startup_stm32f40_41xxx.o(.text)
    CAN2_RX1_IRQHandler                      0x08000257   Thumb Code     0  startup_stm32f40_41xxx.o(.text)
    CAN2_SCE_IRQHandler                      0x08000257   Thumb Code     0  startup_stm32f40_41xxx.o(.text)
    CAN2_TX_IRQHandler                       0x08000257   Thumb Code     0  startup_stm32f40_41xxx.o(.text)
    CRYP_IRQHandler                          0x08000257   Thumb Code     0  startup_stm32f40_41xxx.o(.text)
    DCMI_IRQHandler                          0x08000257   Thumb Code     0  startup_stm32f40_41xxx.o(.text)
    DMA1_Stream0_IRQHandler                  0x08000257   Thumb Code     0  startup_stm32f40_41xxx.o(.text)
    DMA1_Stream1_IRQHandler                  0x08000257   Thumb Code     0  startup_stm32f40_41xxx.o(.text)
    DMA1_Stream2_IRQHandler                  0x08000257   Thumb Code     0  startup_stm32f40_41xxx.o(.text)
    DMA1_Stream3_IRQHandler                  0x08000257   Thumb Code     0  startup_stm32f40_41xxx.o(.text)
    DMA1_Stream4_IRQHandler                  0x08000257   Thumb Code     0  startup_stm32f40_41xxx.o(.text)
    DMA1_Stream5_IRQHandler                  0x08000257   Thumb Code     0  startup_stm32f40_41xxx.o(.text)
    DMA1_Stream6_IRQHandler                  0x08000257   Thumb Code     0  startup_stm32f40_41xxx.o(.text)
    DMA1_Stream7_IRQHandler                  0x08000257   Thumb Code     0  startup_stm32f40_41xxx.o(.text)
    DMA2_Stream0_IRQHandler                  0x08000257   Thumb Code     0  startup_stm32f40_41xxx.o(.text)
    DMA2_Stream1_IRQHandler                  0x08000257   Thumb Code     0  startup_stm32f40_41xxx.o(.text)
    DMA2_Stream2_IRQHandler                  0x08000257   Thumb Code     0  startup_stm32f40_41xxx.o(.text)
    DMA2_Stream3_IRQHandler                  0x08000257   Thumb Code     0  startup_stm32f40_41xxx.o(.text)
    DMA2_Stream4_IRQHandler                  0x08000257   Thumb Code     0  startup_stm32f40_41xxx.o(.text)
    DMA2_Stream5_IRQHandler                  0x08000257   Thumb Code     0  startup_stm32f40_41xxx.o(.text)
    DMA2_Stream6_IRQHandler                  0x08000257   Thumb Code     0  startup_stm32f40_41xxx.o(.text)
    DMA2_Stream7_IRQHandler                  0x08000257   Thumb Code     0  startup_stm32f40_41xxx.o(.text)
    ETH_IRQHandler                           0x08000257   Thumb Code     0  startup_stm32f40_41xxx.o(.text)
    ETH_WKUP_IRQHandler                      0x08000257   Thumb Code     0  startup_stm32f40_41xxx.o(.text)
    EXTI15_10_IRQHandler                     0x08000257   Thumb Code     0  startup_stm32f40_41xxx.o(.text)
    EXTI9_5_IRQHandler                       0x08000257   Thumb Code     0  startup_stm32f40_41xxx.o(.text)
    FLASH_IRQHandler                         0x08000257   Thumb Code     0  startup_stm32f40_41xxx.o(.text)
    FPU_IRQHandler                           0x08000257   Thumb Code     0  startup_stm32f40_41xxx.o(.text)
    FSMC_IRQHandler                          0x08000257   Thumb Code     0  startup_stm32f40_41xxx.o(.text)
    HASH_RNG_IRQHandler                      0x08000257   Thumb Code     0  startup_stm32f40_41xxx.o(.text)
    I2C1_ER_IRQHandler                       0x08000257   Thumb Code     0  startup_stm32f40_41xxx.o(.text)
    I2C1_EV_IRQHandler                       0x08000257   Thumb Code     0  startup_stm32f40_41xxx.o(.text)
    I2C2_ER_IRQHandler                       0x08000257   Thumb Code     0  startup_stm32f40_41xxx.o(.text)
    I2C2_EV_IRQHandler                       0x08000257   Thumb Code     0  startup_stm32f40_41xxx.o(.text)
    I2C3_ER_IRQHandler                       0x08000257   Thumb Code     0  startup_stm32f40_41xxx.o(.text)
    I2C3_EV_IRQHandler                       0x08000257   Thumb Code     0  startup_stm32f40_41xxx.o(.text)
    OTG_FS_IRQHandler                        0x08000257   Thumb Code     0  startup_stm32f40_41xxx.o(.text)
    OTG_FS_WKUP_IRQHandler                   0x08000257   Thumb Code     0  startup_stm32f40_41xxx.o(.text)
    OTG_HS_EP1_IN_IRQHandler                 0x08000257   Thumb Code     0  startup_stm32f40_41xxx.o(.text)
    OTG_HS_EP1_OUT_IRQHandler                0x08000257   Thumb Code     0  startup_stm32f40_41xxx.o(.text)
    OTG_HS_IRQHandler                        0x08000257   Thumb Code     0  startup_stm32f40_41xxx.o(.text)
    OTG_HS_WKUP_IRQHandler                   0x08000257   Thumb Code     0  startup_stm32f40_41xxx.o(.text)
    PVD_IRQHandler                           0x08000257   Thumb Code     0  startup_stm32f40_41xxx.o(.text)
    RCC_IRQHandler                           0x08000257   Thumb Code     0  startup_stm32f40_41xxx.o(.text)
    RTC_Alarm_IRQHandler                     0x08000257   Thumb Code     0  startup_stm32f40_41xxx.o(.text)
    RTC_WKUP_IRQHandler                      0x08000257   Thumb Code     0  startup_stm32f40_41xxx.o(.text)
    SDIO_IRQHandler                          0x08000257   Thumb Code     0  startup_stm32f40_41xxx.o(.text)
    SPI1_IRQHandler                          0x08000257   Thumb Code     0  startup_stm32f40_41xxx.o(.text)
    SPI2_IRQHandler                          0x08000257   Thumb Code     0  startup_stm32f40_41xxx.o(.text)
    SPI3_IRQHandler                          0x08000257   Thumb Code     0  startup_stm32f40_41xxx.o(.text)
    TAMP_STAMP_IRQHandler                    0x08000257   Thumb Code     0  startup_stm32f40_41xxx.o(.text)
    TIM1_BRK_TIM9_IRQHandler                 0x08000257   Thumb Code     0  startup_stm32f40_41xxx.o(.text)
    TIM1_CC_IRQHandler                       0x08000257   Thumb Code     0  startup_stm32f40_41xxx.o(.text)
    TIM1_TRG_COM_TIM11_IRQHandler            0x08000257   Thumb Code     0  startup_stm32f40_41xxx.o(.text)
    TIM1_UP_TIM10_IRQHandler                 0x08000257   Thumb Code     0  startup_stm32f40_41xxx.o(.text)
    TIM2_IRQHandler                          0x08000257   Thumb Code     0  startup_stm32f40_41xxx.o(.text)
    TIM3_IRQHandler                          0x08000257   Thumb Code     0  startup_stm32f40_41xxx.o(.text)
    TIM4_IRQHandler                          0x08000257   Thumb Code     0  startup_stm32f40_41xxx.o(.text)
    TIM5_IRQHandler                          0x08000257   Thumb Code     0  startup_stm32f40_41xxx.o(.text)
    TIM6_DAC_IRQHandler                      0x08000257   Thumb Code     0  startup_stm32f40_41xxx.o(.text)
    TIM7_IRQHandler                          0x08000257   Thumb Code     0  startup_stm32f40_41xxx.o(.text)
    TIM8_BRK_TIM12_IRQHandler                0x08000257   Thumb Code     0  startup_stm32f40_41xxx.o(.text)
    TIM8_CC_IRQHandler                       0x08000257   Thumb Code     0  startup_stm32f40_41xxx.o(.text)
    TIM8_TRG_COM_TIM14_IRQHandler            0x08000257   Thumb Code     0  startup_stm32f40_41xxx.o(.text)
    TIM8_UP_TIM13_IRQHandler                 0x08000257   Thumb Code     0  startup_stm32f40_41xxx.o(.text)
    UART4_IRQHandler                         0x08000257   Thumb Code     0  startup_stm32f40_41xxx.o(.text)
    UART5_IRQHandler                         0x08000257   Thumb Code     0  startup_stm32f40_41xxx.o(.text)
    USART3_IRQHandler                        0x08000257   Thumb Code     0  startup_stm32f40_41xxx.o(.text)
    USART6_IRQHandler                        0x08000257   Thumb Code     0  startup_stm32f40_41xxx.o(.text)
    WWDG_IRQHandler                          0x08000257   Thumb Code     0  startup_stm32f40_41xxx.o(.text)
    __user_initial_stackheap                 0x08000259   Thumb Code     0  startup_stm32f40_41xxx.o(.text)
    __I$use$semihosting                      0x0800027d   Thumb Code     0  use_no_semi.o(.text)
    __use_no_semihosting_swi                 0x0800027d   Thumb Code     2  use_no_semi.o(.text)
    __2printf                                0x08000281   Thumb Code    20  __2printf.o(.text)
    __2sprintf                               0x08000299   Thumb Code    38  __2sprintf.o(.text)
    _printf_str                              0x080002c5   Thumb Code    82  _printf_str.o(.text)
    _printf_int_dec                          0x08000319   Thumb Code   104  _printf_dec.o(.text)
    _printf_int_hex                          0x08000391   Thumb Code    84  _printf_hex_int.o(.text)
    _printf_longlong_hex                     0x08000391   Thumb Code     0  _printf_hex_int.o(.text)
    __printf                                 0x080003e9   Thumb Code   308  __printf_flags_wp.o(.text)
    __use_two_region_memory                  0x08000521   Thumb Code     2  heapauxi.o(.text)
    __rt_heap_escrow                         0x08000523   Thumb Code     2  heapauxi.o(.text)
    __rt_heap_expand                         0x08000525   Thumb Code     2  heapauxi.o(.text)
    _printf_int_common                       0x08000527   Thumb Code   178  _printf_intcommon.o(.text)
    _printf_char_common                      0x080005e3   Thumb Code    32  _printf_char_common.o(.text)
    _sputc                                   0x08000609   Thumb Code    10  _sputc.o(.text)
    _printf_cs_common                        0x08000613   Thumb Code    20  _printf_char.o(.text)
    _printf_char                             0x08000627   Thumb Code    16  _printf_char.o(.text)
    _printf_string                           0x08000637   Thumb Code     8  _printf_char.o(.text)
    _printf_char_file                        0x08000641   Thumb Code    32  _printf_char_file.o(.text)
    __user_libspace                          0x08000665   Thumb Code     8  libspace.o(.text)
    __user_perproc_libspace                  0x08000665   Thumb Code     0  libspace.o(.text)
    __user_perthread_libspace                0x08000665   Thumb Code     0  libspace.o(.text)
    ferror                                   0x0800066d   Thumb Code     8  ferror.o(.text)
    __user_setup_stackheap                   0x08000675   Thumb Code    74  sys_stackheap_outer.o(.text)
    exit                                     0x080006bf   Thumb Code    18  exit.o(.text)
    BLUETOOTH_Config                         0x080006d1   Thumb Code   164  bluetooth.o(i.BLUETOOTH_Config)
    BS18B20_WriteByte                        0x0800077d   Thumb Code    96  ds18b20.o(i.BS18B20_WriteByte)
    BusFault_Handler                         0x080007e1   Thumb Code     4  stm32f4xx_it.o(i.BusFault_Handler)
    DS18B20_CheckDevice                      0x080007e5   Thumb Code    12  ds18b20.o(i.DS18B20_CheckDevice)
    DS18B20_CheckReadySingle                 0x080007f1   Thumb Code    80  ds18b20.o(i.DS18B20_CheckReadySingle)
    DS18B20_GetTemperature                   0x08000841   Thumb Code   172  ds18b20.o(i.DS18B20_GetTemperature)
    DS18B20_Init                             0x0800093d   Thumb Code   112  ds18b20.o(i.DS18B20_Init)
    DS18B20_ReadByte                         0x080009f5   Thumb Code    78  ds18b20.o(i.DS18B20_ReadByte)
    DS18B20_ReadRomInfo                      0x08000a49   Thumb Code    80  ds18b20.o(i.DS18B20_ReadRomInfo)
    DS18B20_SendRestSingle                   0x08000ab5   Thumb Code    42  ds18b20.o(i.DS18B20_SendRestSingle)
    DebugMon_Handler                         0x08000ae5   Thumb Code     2  stm32f4xx_it.o(i.DebugMon_Handler)
    Delay_ms                                 0x08000ae7   Thumb Code    26  delay.o(i.Delay_ms)
    Delay_us                                 0x08000b01   Thumb Code    54  delay.o(i.Delay_us)
    EXTI0_IRQHandler                         0x08000b39   Thumb Code    44  through-beam.o(i.EXTI0_IRQHandler)
    EXTI1_IRQHandler                         0x08000b69   Thumb Code    96  keyboard.o(i.EXTI1_IRQHandler)
    EXTI2_IRQHandler                         0x08000be1   Thumb Code    78  keyboard.o(i.EXTI2_IRQHandler)
    EXTI3_IRQHandler                         0x08000c49   Thumb Code    96  keyboard.o(i.EXTI3_IRQHandler)
    EXTI4_IRQHandler                         0x08000cc1   Thumb Code    78  keyboard.o(i.EXTI4_IRQHandler)
    EXTI_ClearITPendingBit                   0x08000d29   Thumb Code     6  stm32f4xx_exti.o(i.EXTI_ClearITPendingBit)
    EXTI_GetITStatus                         0x08000d35   Thumb Code    20  stm32f4xx_exti.o(i.EXTI_GetITStatus)
    EXTI_Init                                0x08000d4d   Thumb Code   142  stm32f4xx_exti.o(i.EXTI_Init)
    FSMC_NORSRAMCmd                          0x08000de1   Thumb Code    46  stm32f4xx_fsmc.o(i.FSMC_NORSRAMCmd)
    FSMC_NORSRAMInit                         0x08000e15   Thumb Code   230  stm32f4xx_fsmc.o(i.FSMC_NORSRAMInit)
    GPIO_Init                                0x08000efb   Thumb Code   144  stm32f4xx_gpio.o(i.GPIO_Init)
    GPIO_KEY_Init                            0x08000f8d   Thumb Code   324  keyboard.o(i.GPIO_KEY_Init)
    GPIO_PinAFConfig                         0x080010d5   Thumb Code    70  stm32f4xx_gpio.o(i.GPIO_PinAFConfig)
    GPIO_ReadInputDataBit                    0x0800111b   Thumb Code    18  stm32f4xx_gpio.o(i.GPIO_ReadInputDataBit)
    GPIO_ResetBits                           0x0800112d   Thumb Code     4  stm32f4xx_gpio.o(i.GPIO_ResetBits)
    GPIO_SetBits                             0x08001131   Thumb Code     4  stm32f4xx_gpio.o(i.GPIO_SetBits)
    HEATER_PLATE_Config                      0x08001135   Thumb Code    54  heater_plate.o(i.HEATER_PLATE_Config)
    HEATER_PLATE_Heating                     0x08001171   Thumb Code    12  heater_plate.o(i.HEATER_PLATE_Heating)
    HEATER_PLATE_Stop                        0x08001181   Thumb Code    12  heater_plate.o(i.HEATER_PLATE_Stop)
    HardFault_Handler                        0x08001191   Thumb Code     4  stm32f4xx_it.o(i.HardFault_Handler)
    JQ8900_Config                            0x08001195   Thumb Code    48  jq8900.o(i.JQ8900_Config)
    JQ8900_PlayThirdlyVoice                  0x080011c9   Thumb Code    52  jq8900.o(i.JQ8900_PlayThirdlyVoice)
    LCD_Clear                                0x08001201   Thumb Code   100  lcd.o(i.LCD_Clear)
    LCD_Display_Dir                          0x0800126d   Thumb Code   364  lcd.o(i.LCD_Display_Dir)
    LCD_Fast_DrawPoint                       0x080013dd   Thumb Code   276  lcd.o(i.LCD_Fast_DrawPoint)
    LCD_Init                                 0x080014f9   Thumb Code 14120  lcd.o(i.LCD_Init)
    LCD_RD_DATA                              0x08004c29   Thumb Code    14  lcd.o(i.LCD_RD_DATA)
    LCD_ReadReg                              0x08004c3d   Thumb Code    22  lcd.o(i.LCD_ReadReg)
    LCD_Scan_Dir                             0x08004c55   Thumb Code   726  lcd.o(i.LCD_Scan_Dir)
    LCD_SetCursor                            0x08004f31   Thumb Code   262  lcd.o(i.LCD_SetCursor)
    LCD_ShowChar                             0x0800503d   Thumb Code   272  lcd.o(i.LCD_ShowChar)
    LCD_ShowString                           0x08005165   Thumb Code   102  lcd.o(i.LCD_ShowString)
    LCD_WR_DATA                              0x080051cd   Thumb Code    18  lcd.o(i.LCD_WR_DATA)
    LCD_WR_REG                               0x080051e5   Thumb Code    18  lcd.o(i.LCD_WR_REG)
    LCD_WriteRAM_Prepare                     0x080051fd   Thumb Code    10  lcd.o(i.LCD_WriteRAM_Prepare)
    LCD_WriteReg                             0x08005211   Thumb Code    20  lcd.o(i.LCD_WriteReg)
    MemManage_Handler                        0x08005229   Thumb Code     4  stm32f4xx_it.o(i.MemManage_Handler)
    NMI_Handler                              0x0800522d   Thumb Code     2  stm32f4xx_it.o(i.NMI_Handler)
    NVIC_Init                                0x08005231   Thumb Code   106  misc.o(i.NVIC_Init)
    NVIC_PriorityGroupConfig                 0x080052a9   Thumb Code    10  misc.o(i.NVIC_PriorityGroupConfig)
    PendSV_Handler                           0x080052d9   Thumb Code     2  stm32f4xx_it.o(i.PendSV_Handler)
    RAINDROP_DETECTION_Config                0x080052dd   Thumb Code    56  raindrop_detection.o(i.RAINDROP_DETECTION_Config)
    RAINDROP_DETECTION_ReadInputBits         0x08005319   Thumb Code    92  raindrop_detection.o(i.RAINDROP_DETECTION_ReadInputBits)
    RCC_AHB1PeriphClockCmd                   0x080053a9   Thumb Code    26  stm32f4xx_rcc.o(i.RCC_AHB1PeriphClockCmd)
    RCC_AHB3PeriphClockCmd                   0x080053c9   Thumb Code    26  stm32f4xx_rcc.o(i.RCC_AHB3PeriphClockCmd)
    RCC_APB1PeriphClockCmd                   0x080053e9   Thumb Code    26  stm32f4xx_rcc.o(i.RCC_APB1PeriphClockCmd)
    RCC_APB2PeriphClockCmd                   0x08005409   Thumb Code    26  stm32f4xx_rcc.o(i.RCC_APB2PeriphClockCmd)
    RCC_GetClocksFreq                        0x08005429   Thumb Code   214  stm32f4xx_rcc.o(i.RCC_GetClocksFreq)
    STEERING_ENGINE_Config                   0x08005511   Thumb Code   162  steering.o(i.STEERING_ENGINE_Config)
    STEERING_ENGINE_Foreward                 0x080055bd   Thumb Code    66  steering.o(i.STEERING_ENGINE_Foreward)
    SVC_Handler                              0x08005609   Thumb Code     2  stm32f4xx_it.o(i.SVC_Handler)
    SYSCFG_EXTILineConfig                    0x0800560d   Thumb Code    60  stm32f4xx_syscfg.o(i.SYSCFG_EXTILineConfig)
    SysTick_CLKSourceConfig                  0x08005739   Thumb Code    40  misc.o(i.SysTick_CLKSourceConfig)
    SysTick_Handler                          0x08005761   Thumb Code     2  stm32f4xx_it.o(i.SysTick_Handler)
    SystemInit                               0x08005765   Thumb Code    88  system_stm32f4xx.o(i.SystemInit)
    THROUGH_BEAM_Config                      0x080057cd   Thumb Code   122  through-beam.o(i.THROUGH_BEAM_Config)
    TIM_ARRPreloadConfig                     0x0800584d   Thumb Code    24  stm32f4xx_tim.o(i.TIM_ARRPreloadConfig)
    TIM_Cmd                                  0x08005865   Thumb Code    24  stm32f4xx_tim.o(i.TIM_Cmd)
    TIM_OC1Init                              0x0800587d   Thumb Code   114  stm32f4xx_tim.o(i.TIM_OC1Init)
    TIM_OC1PreloadConfig                     0x080058f9   Thumb Code    18  stm32f4xx_tim.o(i.TIM_OC1PreloadConfig)
    TIM_SetCompare1                          0x0800590b   Thumb Code     4  stm32f4xx_tim.o(i.TIM_SetCompare1)
    TIM_TimeBaseInit                         0x08005911   Thumb Code   104  stm32f4xx_tim.o(i.TIM_TimeBaseInit)
    USART1_IRQHandler                        0x08005995   Thumb Code   120  usart1.o(i.USART1_IRQHandler)
    USART2_IRQHandler                        0x08005a19   Thumb Code   200  bluetooth.o(i.USART2_IRQHandler)
    USART_ClearFlag                          0x08005b09   Thumb Code    18  stm32f4xx_usart.o(i.USART_ClearFlag)
    USART_Cmd                                0x08005b1b   Thumb Code    24  stm32f4xx_usart.o(i.USART_Cmd)
    USART_GetFlagStatus                      0x08005b33   Thumb Code    26  stm32f4xx_usart.o(i.USART_GetFlagStatus)
    USART_GetITStatus                        0x08005b4d   Thumb Code    84  stm32f4xx_usart.o(i.USART_GetITStatus)
    USART_ITConfig                           0x08005ba1   Thumb Code    74  stm32f4xx_usart.o(i.USART_ITConfig)
    USART_Init                               0x08005bed   Thumb Code   204  stm32f4xx_usart.o(i.USART_Init)
    USART_ReceiveData                        0x08005cc1   Thumb Code    10  stm32f4xx_usart.o(i.USART_ReceiveData)
    USART_SendData                           0x08005ccb   Thumb Code     8  stm32f4xx_usart.o(i.USART_SendData)
    USART_SendString                         0x08005cd5   Thumb Code    38  bluetooth.o(i.USART_SendString)
    UsageFault_Handler                       0x08005d01   Thumb Code     4  stm32f4xx_it.o(i.UsageFault_Handler)
    _is_digit                                0x08005d05   Thumb Code    14  __printf_wp.o(i._is_digit)
    _sys_exit                                0x08005d13   Thumb Code     2  printf.o(i._sys_exit)
    delay_init                               0x08005d15   Thumb Code    42  common.o(i.delay_init)
    delay_ms                                 0x08005d49   Thumb Code    56  common.o(i.delay_ms)
    delay_nnms                               0x08005d81   Thumb Code    32  delay.o(i.delay_nnms)
    delay_nnus                               0x08005da1   Thumb Code    40  delay.o(i.delay_nnus)
    delay_us                                 0x08005dc9   Thumb Code    72  common.o(i.delay_us)
    delay_xms                                0x08005e15   Thumb Code    72  common.o(i.delay_xms)
    fputc                                    0x08005e61   Thumb Code    32  printf.o(i.fputc)
    main                                     0x08005e85   Thumb Code   500  main.o(i.main)
    uart1_init                               0x08006129   Thumb Code   172  usart1.o(i.uart1_init)
    __aeabi_d2uiz                            0x080061dd   Thumb Code     0  dfixu.o(x$fpl$dfixu)
    _dfixu                                   0x080061dd   Thumb Code    90  dfixu.o(x$fpl$dfixu)
    __aeabi_ui2d                             0x08006237   Thumb Code     0  dflt_clz.o(x$fpl$dfltu)
    _dfltu                                   0x08006237   Thumb Code    38  dflt_clz.o(x$fpl$dfltu)
    __aeabi_dmul                             0x0800625d   Thumb Code     0  dmul.o(x$fpl$dmul)
    _dmul                                    0x0800625d   Thumb Code   332  dmul.o(x$fpl$dmul)
    __fpl_dnaninf                            0x080063b1   Thumb Code   156  dnaninf.o(x$fpl$dnaninf)
    __fpl_dretinf                            0x0800644d   Thumb Code    12  dretinf.o(x$fpl$dretinf)
    _fp_init                                 0x08006459   Thumb Code    10  fpinit.o(x$fpl$fpinit)
    __fplib_config_fpu_vfp                   0x08006461   Thumb Code     0  fpinit.o(x$fpl$fpinit)
    __fplib_config_pureend_doubles           0x08006461   Thumb Code     0  fpinit.o(x$fpl$fpinit)
    __I$use$fp                               0x08006462   Number         0  usenofp.o(x$fpl$usenofp)
    asc2_1206                                0x08006462   Data        1140  lcd.o(.constdata)
    asc2_1608                                0x080068d6   Data        1520  lcd.o(.constdata)
    asc2_2412                                0x08006ec6   Data        3420  lcd.o(.constdata)
    Region$$Table$$Base                      0x08007c78   Number         0  anon$$obj.o(Region$$Table)
    Region$$Table$$Limit                     0x08007c98   Number         0  anon$$obj.o(Region$$Table)
    keyflag1                                 0x20000010   Data           1  keyboard.o(.data)
    keyflag2                                 0x20000011   Data           1  keyboard.o(.data)
    keyflag3                                 0x20000012   Data           1  keyboard.o(.data)
    keyflag4                                 0x20000013   Data           1  keyboard.o(.data)
    angle                                    0x20000014   Data           4  keyboard.o(.data)
    Temp                                     0x20000018   Data           4  keyboard.o(.data)
    __stdout                                 0x2000001c   Data           4  printf.o(.data)
    __stdin                                  0x20000020   Data           4  printf.o(.data)
    uart_byte_count                          0x20000024   Data           1  usart1.o(.data)
    through_num                              0x20000030   Data           4  through-beam.o(.data)
    intT                                     0x20000034   Data           4  ds18b20.o(.data)
    decT1                                    0x20000038   Data           4  ds18b20.o(.data)
    decT2                                    0x2000003c   Data           4  ds18b20.o(.data)
    ROM_ID                                   0x20000040   Data           8  ds18b20.o(.data)
    POINT_COLOR                              0x20000048   Data           2  lcd.o(.data)
    BACK_COLOR                               0x2000004a   Data           2  lcd.o(.data)
    temp_now                                 0x20000050   Data           4  main.o(.data)
    str12                                    0x20000054   Data          32  keyboard.o(.bss)
    receive_str                              0x20000074   Data         100  usart1.o(.bss)
    lcddev                                   0x200001d8   Data          14  lcd.o(.bss)
    __libspace_start                         0x200001e8   Data          96  libspace.o(.bss)
    __temporary_stack_top$libspace           0x20000248   Data           0  libspace.o(.bss)



==============================================================================

Memory Map of the image

  Image Entry point : 0x08000189

  Load Region LR_IROM1 (Base: 0x08000000, Size: 0x00007cec, Max: 0x00080000, ABSOLUTE)

    Execution Region ER_IROM1 (Exec base: 0x08000000, Load base: 0x08000000, Size: 0x00007c98, Max: 0x00080000, ABSOLUTE)

    Exec Addr    Load Addr    Size         Type   Attr      Idx    E Section Name        Object

    0x08000000   0x08000000   0x00000188   Data   RO            3    RESET               startup_stm32f40_41xxx.o
    0x08000188   0x08000188   0x00000008   Code   RO         3494  * !!!main             c_w.l(__main.o)
    0x08000190   0x08000190   0x00000034   Code   RO         3909    !!!scatter          c_w.l(__scatter.o)
    0x080001c4   0x080001c4   0x0000001a   Code   RO         3911    !!handler_copy      c_w.l(__scatter_copy.o)
    0x080001de   0x080001de   0x00000002   PAD
    0x080001e0   0x080001e0   0x0000001c   Code   RO         3913    !!handler_zi        c_w.l(__scatter_zi.o)
    0x080001fc   0x080001fc   0x00000000   Code   RO         3475    .ARM.Collect$$_printf_percent$$00000000  c_w.l(_printf_percent.o)
    0x080001fc   0x080001fc   0x00000006   Code   RO         3473    .ARM.Collect$$_printf_percent$$00000009  c_w.l(_printf_d.o)
    0x08000202   0x08000202   0x00000006   Code   RO         3471    .ARM.Collect$$_printf_percent$$0000000C  c_w.l(_printf_x.o)
    0x08000208   0x08000208   0x00000006   Code   RO         3470    .ARM.Collect$$_printf_percent$$00000014  c_w.l(_printf_s.o)
    0x0800020e   0x0800020e   0x00000004   Code   RO         3582    .ARM.Collect$$_printf_percent$$00000017  c_w.l(_printf_percent_end.o)
    0x08000212   0x08000212   0x00000002   Code   RO         3791    .ARM.Collect$$libinit$$00000000  c_w.l(libinit.o)
    0x08000214   0x08000214   0x00000004   Code   RO         3593    .ARM.Collect$$libinit$$00000001  c_w.l(libinit2.o)
    0x08000218   0x08000218   0x00000000   Code   RO         3596    .ARM.Collect$$libinit$$00000004  c_w.l(libinit2.o)
    0x08000218   0x08000218   0x00000000   Code   RO         3599    .ARM.Collect$$libinit$$0000000A  c_w.l(libinit2.o)
    0x08000218   0x08000218   0x00000000   Code   RO         3601    .ARM.Collect$$libinit$$0000000C  c_w.l(libinit2.o)
    0x08000218   0x08000218   0x00000000   Code   RO         3603    .ARM.Collect$$libinit$$0000000E  c_w.l(libinit2.o)
    0x08000218   0x08000218   0x00000000   Code   RO         3606    .ARM.Collect$$libinit$$00000011  c_w.l(libinit2.o)
    0x08000218   0x08000218   0x00000000   Code   RO         3608    .ARM.Collect$$libinit$$00000013  c_w.l(libinit2.o)
    0x08000218   0x08000218   0x00000000   Code   RO         3610    .ARM.Collect$$libinit$$00000015  c_w.l(libinit2.o)
    0x08000218   0x08000218   0x00000000   Code   RO         3612    .ARM.Collect$$libinit$$00000017  c_w.l(libinit2.o)
    0x08000218   0x08000218   0x00000000   Code   RO         3614    .ARM.Collect$$libinit$$00000019  c_w.l(libinit2.o)
    0x08000218   0x08000218   0x00000000   Code   RO         3616    .ARM.Collect$$libinit$$0000001B  c_w.l(libinit2.o)
    0x08000218   0x08000218   0x00000000   Code   RO         3618    .ARM.Collect$$libinit$$0000001D  c_w.l(libinit2.o)
    0x08000218   0x08000218   0x00000000   Code   RO         3620    .ARM.Collect$$libinit$$0000001F  c_w.l(libinit2.o)
    0x08000218   0x08000218   0x00000000   Code   RO         3622    .ARM.Collect$$libinit$$00000021  c_w.l(libinit2.o)
    0x08000218   0x08000218   0x00000000   Code   RO         3624    .ARM.Collect$$libinit$$00000023  c_w.l(libinit2.o)
    0x08000218   0x08000218   0x00000000   Code   RO         3626    .ARM.Collect$$libinit$$00000025  c_w.l(libinit2.o)
    0x08000218   0x08000218   0x00000000   Code   RO         3630    .ARM.Collect$$libinit$$0000002C  c_w.l(libinit2.o)
    0x08000218   0x08000218   0x00000000   Code   RO         3632    .ARM.Collect$$libinit$$0000002E  c_w.l(libinit2.o)
    0x08000218   0x08000218   0x00000000   Code   RO         3634    .ARM.Collect$$libinit$$00000030  c_w.l(libinit2.o)
    0x08000218   0x08000218   0x00000000   Code   RO         3636    .ARM.Collect$$libinit$$00000032  c_w.l(libinit2.o)
    0x08000218   0x08000218   0x00000002   Code   RO         3637    .ARM.Collect$$libinit$$00000033  c_w.l(libinit2.o)
    0x0800021a   0x0800021a   0x00000002   Code   RO         3896    .ARM.Collect$$libshutdown$$00000000  c_w.l(libshutdown.o)
    0x0800021c   0x0800021c   0x00000000   Code   RO         3817    .ARM.Collect$$libshutdown$$00000002  c_w.l(libshutdown2.o)
    0x0800021c   0x0800021c   0x00000000   Code   RO         3819    .ARM.Collect$$libshutdown$$00000004  c_w.l(libshutdown2.o)
    0x0800021c   0x0800021c   0x00000000   Code   RO         3822    .ARM.Collect$$libshutdown$$00000007  c_w.l(libshutdown2.o)
    0x0800021c   0x0800021c   0x00000000   Code   RO         3825    .ARM.Collect$$libshutdown$$0000000A  c_w.l(libshutdown2.o)
    0x0800021c   0x0800021c   0x00000000   Code   RO         3827    .ARM.Collect$$libshutdown$$0000000C  c_w.l(libshutdown2.o)
    0x0800021c   0x0800021c   0x00000000   Code   RO         3830    .ARM.Collect$$libshutdown$$0000000F  c_w.l(libshutdown2.o)
    0x0800021c   0x0800021c   0x00000002   Code   RO         3831    .ARM.Collect$$libshutdown$$00000010  c_w.l(libshutdown2.o)
    0x0800021e   0x0800021e   0x00000000   Code   RO         3542    .ARM.Collect$$rtentry$$00000000  c_w.l(__rtentry.o)
    0x0800021e   0x0800021e   0x00000000   Code   RO         3653    .ARM.Collect$$rtentry$$00000002  c_w.l(__rtentry2.o)
    0x0800021e   0x0800021e   0x00000006   Code   RO         3665    .ARM.Collect$$rtentry$$00000004  c_w.l(__rtentry4.o)
    0x08000224   0x08000224   0x00000000   Code   RO         3655    .ARM.Collect$$rtentry$$00000009  c_w.l(__rtentry2.o)
    0x08000224   0x08000224   0x00000004   Code   RO         3656    .ARM.Collect$$rtentry$$0000000A  c_w.l(__rtentry2.o)
    0x08000228   0x08000228   0x00000000   Code   RO         3658    .ARM.Collect$$rtentry$$0000000C  c_w.l(__rtentry2.o)
    0x08000228   0x08000228   0x00000008   Code   RO         3659    .ARM.Collect$$rtentry$$0000000D  c_w.l(__rtentry2.o)
    0x08000230   0x08000230   0x00000002   Code   RO         3802    .ARM.Collect$$rtexit$$00000000  c_w.l(rtexit.o)
    0x08000232   0x08000232   0x00000000   Code   RO         3853    .ARM.Collect$$rtexit$$00000002  c_w.l(rtexit2.o)
    0x08000232   0x08000232   0x00000004   Code   RO         3854    .ARM.Collect$$rtexit$$00000003  c_w.l(rtexit2.o)
    0x08000236   0x08000236   0x00000006   Code   RO         3855    .ARM.Collect$$rtexit$$00000004  c_w.l(rtexit2.o)
    0x0800023c   0x0800023c   0x00000040   Code   RO            4    .text               startup_stm32f40_41xxx.o
    0x0800027c   0x0800027c   0x00000002   Code   RO         3341    .text               c_w.l(use_no_semi.o)
    0x0800027e   0x0800027e   0x00000002   PAD
    0x08000280   0x08000280   0x00000018   Code   RO         3413    .text               c_w.l(__2printf.o)
    0x08000298   0x08000298   0x0000002c   Code   RO         3415    .text               c_w.l(__2sprintf.o)
    0x080002c4   0x080002c4   0x00000052   Code   RO         3425    .text               c_w.l(_printf_str.o)
    0x08000316   0x08000316   0x00000002   PAD
    0x08000318   0x08000318   0x00000078   Code   RO         3427    .text               c_w.l(_printf_dec.o)
    0x08000390   0x08000390   0x00000058   Code   RO         3432    .text               c_w.l(_printf_hex_int.o)
    0x080003e8   0x080003e8   0x00000138   Code   RO         3462    .text               c_w.l(__printf_flags_wp.o)
    0x08000520   0x08000520   0x00000006   Code   RO         3492    .text               c_w.l(heapauxi.o)
    0x08000526   0x08000526   0x000000b2   Code   RO         3570    .text               c_w.l(_printf_intcommon.o)
    0x080005d8   0x080005d8   0x00000030   Code   RO         3574    .text               c_w.l(_printf_char_common.o)
    0x08000608   0x08000608   0x0000000a   Code   RO         3576    .text               c_w.l(_sputc.o)
    0x08000612   0x08000612   0x0000002c   Code   RO         3578    .text               c_w.l(_printf_char.o)
    0x0800063e   0x0800063e   0x00000002   PAD
    0x08000640   0x08000640   0x00000024   Code   RO         3580    .text               c_w.l(_printf_char_file.o)
    0x08000664   0x08000664   0x00000008   Code   RO         3649    .text               c_w.l(libspace.o)
    0x0800066c   0x0800066c   0x00000008   Code   RO         3720    .text               c_w.l(ferror.o)
    0x08000674   0x08000674   0x0000004a   Code   RO         3764    .text               c_w.l(sys_stackheap_outer.o)
    0x080006be   0x080006be   0x00000012   Code   RO         3776    .text               c_w.l(exit.o)
    0x080006d0   0x080006d0   0x000000ac   Code   RO         1857    i.BLUETOOTH_Config  bluetooth.o
    0x0800077c   0x0800077c   0x00000064   Code   RO         1937    i.BS18B20_WriteByte  ds18b20.o
    0x080007e0   0x080007e0   0x00000004   Code   RO         3270    i.BusFault_Handler  stm32f4xx_it.o
    0x080007e4   0x080007e4   0x0000000c   Code   RO         1938    i.DS18B20_CheckDevice  ds18b20.o
    0x080007f0   0x080007f0   0x00000050   Code   RO         1939    i.DS18B20_CheckReadySingle  ds18b20.o
    0x08000840   0x08000840   0x000000c0   Code   RO         1940    i.DS18B20_GetTemperature  ds18b20.o
    0x08000900   0x08000900   0x00000014   Code   RO         1941    i.DS18B20_IN        ds18b20.o
    0x08000914   0x08000914   0x00000028   Code   RO         1942    i.DS18B20_InPut_Mode  ds18b20.o
    0x0800093c   0x0800093c   0x0000008c   Code   RO         1943    i.DS18B20_Init      ds18b20.o
    0x080009c8   0x080009c8   0x0000002c   Code   RO         1945    i.DS18B20_OutPut_Mode  ds18b20.o
    0x080009f4   0x080009f4   0x00000054   Code   RO         1946    i.DS18B20_ReadByte  ds18b20.o
    0x08000a48   0x08000a48   0x0000006c   Code   RO         1947    i.DS18B20_ReadRomInfo  ds18b20.o
    0x08000ab4   0x08000ab4   0x00000030   Code   RO         1948    i.DS18B20_SendRestSingle  ds18b20.o
    0x08000ae4   0x08000ae4   0x00000002   Code   RO         3271    i.DebugMon_Handler  stm32f4xx_it.o
    0x08000ae6   0x08000ae6   0x0000001a   Code   RO         1761    i.Delay_ms          delay.o
    0x08000b00   0x08000b00   0x00000036   Code   RO         1763    i.Delay_us          delay.o
    0x08000b36   0x08000b36   0x00000002   PAD
    0x08000b38   0x08000b38   0x00000030   Code   RO         1905    i.EXTI0_IRQHandler  through-beam.o
    0x08000b68   0x08000b68   0x00000078   Code   RO         1592    i.EXTI1_IRQHandler  keyboard.o
    0x08000be0   0x08000be0   0x00000068   Code   RO         1593    i.EXTI2_IRQHandler  keyboard.o
    0x08000c48   0x08000c48   0x00000078   Code   RO         1594    i.EXTI3_IRQHandler  keyboard.o
    0x08000cc0   0x08000cc0   0x00000068   Code   RO         1595    i.EXTI4_IRQHandler  keyboard.o
    0x08000d28   0x08000d28   0x0000000c   Code   RO         1156    i.EXTI_ClearITPendingBit  stm32f4xx_exti.o
    0x08000d34   0x08000d34   0x00000018   Code   RO         1160    i.EXTI_GetITStatus  stm32f4xx_exti.o
    0x08000d4c   0x08000d4c   0x00000094   Code   RO         1161    i.EXTI_Init         stm32f4xx_exti.o
    0x08000de0   0x08000de0   0x00000034   Code   RO         1472    i.FSMC_NORSRAMCmd   stm32f4xx_fsmc.o
    0x08000e14   0x08000e14   0x000000e6   Code   RO         1474    i.FSMC_NORSRAMInit  stm32f4xx_fsmc.o
    0x08000efa   0x08000efa   0x00000090   Code   RO          496    i.GPIO_Init         stm32f4xx_gpio.o
    0x08000f8a   0x08000f8a   0x00000002   PAD
    0x08000f8c   0x08000f8c   0x00000148   Code   RO         1596    i.GPIO_KEY_Init     keyboard.o
    0x080010d4   0x080010d4   0x00000046   Code   RO          497    i.GPIO_PinAFConfig  stm32f4xx_gpio.o
    0x0800111a   0x0800111a   0x00000012   Code   RO          500    i.GPIO_ReadInputDataBit  stm32f4xx_gpio.o
    0x0800112c   0x0800112c   0x00000004   Code   RO          503    i.GPIO_ResetBits    stm32f4xx_gpio.o
    0x08001130   0x08001130   0x00000004   Code   RO          504    i.GPIO_SetBits      stm32f4xx_gpio.o
    0x08001134   0x08001134   0x0000003c   Code   RO         3058    i.HEATER_PLATE_Config  heater_plate.o
    0x08001170   0x08001170   0x00000010   Code   RO         3059    i.HEATER_PLATE_Heating  heater_plate.o
    0x08001180   0x08001180   0x00000010   Code   RO         3060    i.HEATER_PLATE_Stop  heater_plate.o
    0x08001190   0x08001190   0x00000004   Code   RO         3272    i.HardFault_Handler  stm32f4xx_it.o
    0x08001194   0x08001194   0x00000034   Code   RO         3142    i.JQ8900_Config     jq8900.o
    0x080011c8   0x080011c8   0x00000038   Code   RO         3145    i.JQ8900_PlayThirdlyVoice  jq8900.o
    0x08001200   0x08001200   0x0000006c   Code   RO         2825    i.LCD_Clear         lcd.o
    0x0800126c   0x0800126c   0x00000170   Code   RO         2829    i.LCD_Display_Dir   lcd.o
    0x080013dc   0x080013dc   0x0000011c   Code   RO         2834    i.LCD_Fast_DrawPoint  lcd.o
    0x080014f8   0x080014f8   0x00003730   Code   RO         2836    i.LCD_Init          lcd.o
    0x08004c28   0x08004c28   0x00000014   Code   RO         2838    i.LCD_RD_DATA       lcd.o
    0x08004c3c   0x08004c3c   0x00000016   Code   RO         2840    i.LCD_ReadReg       lcd.o
    0x08004c52   0x08004c52   0x00000002   PAD
    0x08004c54   0x08004c54   0x000002dc   Code   RO         2841    i.LCD_Scan_Dir      lcd.o
    0x08004f30   0x08004f30   0x0000010c   Code   RO         2842    i.LCD_SetCursor     lcd.o
    0x0800503c   0x0800503c   0x00000128   Code   RO         2844    i.LCD_ShowChar      lcd.o
    0x08005164   0x08005164   0x00000066   Code   RO         2846    i.LCD_ShowString    lcd.o
    0x080051ca   0x080051ca   0x00000002   PAD
    0x080051cc   0x080051cc   0x00000018   Code   RO         2848    i.LCD_WR_DATA       lcd.o
    0x080051e4   0x080051e4   0x00000018   Code   RO         2849    i.LCD_WR_REG        lcd.o
    0x080051fc   0x080051fc   0x00000014   Code   RO         2851    i.LCD_WriteRAM_Prepare  lcd.o
    0x08005210   0x08005210   0x00000018   Code   RO         2852    i.LCD_WriteReg      lcd.o
    0x08005228   0x08005228   0x00000004   Code   RO         3273    i.MemManage_Handler  stm32f4xx_it.o
    0x0800522c   0x0800522c   0x00000002   Code   RO         3274    i.NMI_Handler       stm32f4xx_it.o
    0x0800522e   0x0800522e   0x00000002   PAD
    0x08005230   0x08005230   0x00000078   Code   RO           12    i.NVIC_Init         misc.o
    0x080052a8   0x080052a8   0x00000014   Code   RO           13    i.NVIC_PriorityGroupConfig  misc.o
    0x080052bc   0x080052bc   0x0000001c   Code   RO         1949    i.OLED_ShowString   ds18b20.o
    0x080052d8   0x080052d8   0x00000002   Code   RO         3275    i.PendSV_Handler    stm32f4xx_it.o
    0x080052da   0x080052da   0x00000002   PAD
    0x080052dc   0x080052dc   0x0000003c   Code   RO         3029    i.RAINDROP_DETECTION_Config  raindrop_detection.o
    0x08005318   0x08005318   0x00000090   Code   RO         3030    i.RAINDROP_DETECTION_ReadInputBits  raindrop_detection.o
    0x080053a8   0x080053a8   0x00000020   Code   RO          161    i.RCC_AHB1PeriphClockCmd  stm32f4xx_rcc.o
    0x080053c8   0x080053c8   0x00000020   Code   RO          167    i.RCC_AHB3PeriphClockCmd  stm32f4xx_rcc.o
    0x080053e8   0x080053e8   0x00000020   Code   RO          170    i.RCC_APB1PeriphClockCmd  stm32f4xx_rcc.o
    0x08005408   0x08005408   0x00000020   Code   RO          173    i.RCC_APB2PeriphClockCmd  stm32f4xx_rcc.o
    0x08005428   0x08005428   0x000000e8   Code   RO          182    i.RCC_GetClocksFreq  stm32f4xx_rcc.o
    0x08005510   0x08005510   0x000000ac   Code   RO         1823    i.STEERING_ENGINE_Config  steering.o
    0x080055bc   0x080055bc   0x0000004c   Code   RO         1824    i.STEERING_ENGINE_Foreward  steering.o
    0x08005608   0x08005608   0x00000002   Code   RO         3276    i.SVC_Handler       stm32f4xx_it.o
    0x0800560a   0x0800560a   0x00000002   PAD
    0x0800560c   0x0800560c   0x00000040   Code   RO         1220    i.SYSCFG_EXTILineConfig  stm32f4xx_syscfg.o
    0x0800564c   0x0800564c   0x000000ec   Code   RO         3180    i.SetSysClock       system_stm32f4xx.o
    0x08005738   0x08005738   0x00000028   Code   RO           16    i.SysTick_CLKSourceConfig  misc.o
    0x08005760   0x08005760   0x00000002   Code   RO         3277    i.SysTick_Handler   stm32f4xx_it.o
    0x08005762   0x08005762   0x00000002   PAD
    0x08005764   0x08005764   0x00000068   Code   RO         3182    i.SystemInit        system_stm32f4xx.o
    0x080057cc   0x080057cc   0x00000080   Code   RO         1906    i.THROUGH_BEAM_Config  through-beam.o
    0x0800584c   0x0800584c   0x00000018   Code   RO          597    i.TIM_ARRPreloadConfig  stm32f4xx_tim.o
    0x08005864   0x08005864   0x00000018   Code   RO          609    i.TIM_Cmd           stm32f4xx_tim.o
    0x0800587c   0x0800587c   0x0000007c   Code   RO          638    i.TIM_OC1Init       stm32f4xx_tim.o
    0x080058f8   0x080058f8   0x00000012   Code   RO          641    i.TIM_OC1PreloadConfig  stm32f4xx_tim.o
    0x0800590a   0x0800590a   0x00000004   Code   RO          671    i.TIM_SetCompare1   stm32f4xx_tim.o
    0x0800590e   0x0800590e   0x00000002   PAD
    0x08005910   0x08005910   0x00000084   Code   RO          681    i.TIM_TimeBaseInit  stm32f4xx_tim.o
    0x08005994   0x08005994   0x00000084   Code   RO         1716    i.USART1_IRQHandler  usart1.o
    0x08005a18   0x08005a18   0x000000f0   Code   RO         1858    i.USART2_IRQHandler  bluetooth.o
    0x08005b08   0x08005b08   0x00000012   Code   RO         1273    i.USART_ClearFlag   stm32f4xx_usart.o
    0x08005b1a   0x08005b1a   0x00000018   Code   RO         1277    i.USART_Cmd         stm32f4xx_usart.o
    0x08005b32   0x08005b32   0x0000001a   Code   RO         1280    i.USART_GetFlagStatus  stm32f4xx_usart.o
    0x08005b4c   0x08005b4c   0x00000054   Code   RO         1281    i.USART_GetITStatus  stm32f4xx_usart.o
    0x08005ba0   0x08005ba0   0x0000004a   Code   RO         1283    i.USART_ITConfig    stm32f4xx_usart.o
    0x08005bea   0x08005bea   0x00000002   PAD
    0x08005bec   0x08005bec   0x000000d4   Code   RO         1284    i.USART_Init        stm32f4xx_usart.o
    0x08005cc0   0x08005cc0   0x0000000a   Code   RO         1291    i.USART_ReceiveData  stm32f4xx_usart.o
    0x08005cca   0x08005cca   0x00000008   Code   RO         1294    i.USART_SendData    stm32f4xx_usart.o
    0x08005cd2   0x08005cd2   0x00000002   PAD
    0x08005cd4   0x08005cd4   0x0000002c   Code   RO         1859    i.USART_SendString  bluetooth.o
    0x08005d00   0x08005d00   0x00000004   Code   RO         3278    i.UsageFault_Handler  stm32f4xx_it.o
    0x08005d04   0x08005d04   0x0000000e   Code   RO         3460    i._is_digit         c_w.l(__printf_wp.o)
    0x08005d12   0x08005d12   0x00000002   Code   RO         1683    i._sys_exit         printf.o
    0x08005d14   0x08005d14   0x00000034   Code   RO         3092    i.delay_init        common.o
    0x08005d48   0x08005d48   0x00000038   Code   RO         3093    i.delay_ms          common.o
    0x08005d80   0x08005d80   0x00000020   Code   RO         1767    i.delay_nnms        delay.o
    0x08005da0   0x08005da0   0x00000028   Code   RO         1768    i.delay_nnus        delay.o
    0x08005dc8   0x08005dc8   0x0000004c   Code   RO         3094    i.delay_us          common.o
    0x08005e14   0x08005e14   0x0000004c   Code   RO         3095    i.delay_xms         common.o
    0x08005e60   0x08005e60   0x00000024   Code   RO         1684    i.fputc             printf.o
    0x08005e84   0x08005e84   0x000002a4   Code   RO         3235    i.main              main.o
    0x08006128   0x08006128   0x000000b4   Code   RO         1719    i.uart1_init        usart1.o
    0x080061dc   0x080061dc   0x0000005a   Code   RO         3506    x$fpl$dfixu         fz_wm.l(dfixu.o)
    0x08006236   0x08006236   0x00000026   Code   RO         3510    x$fpl$dfltu         fz_wm.l(dflt_clz.o)
    0x0800625c   0x0800625c   0x00000154   Code   RO         3518    x$fpl$dmul          fz_wm.l(dmul.o)
    0x080063b0   0x080063b0   0x0000009c   Code   RO         3640    x$fpl$dnaninf       fz_wm.l(dnaninf.o)
    0x0800644c   0x0800644c   0x0000000c   Code   RO         3642    x$fpl$dretinf       fz_wm.l(dretinf.o)
    0x08006458   0x08006458   0x0000000a   Code   RO         3743    x$fpl$fpinit        fz_wm.l(fpinit.o)
    0x08006462   0x08006462   0x00000000   Code   RO         3646    x$fpl$usenofp       fz_wm.l(usenofp.o)
    0x08006462   0x08006462   0x000017c0   Data   RO         2855    .constdata          lcd.o
    0x08007c22   0x08007c22   0x00000002   PAD
    0x08007c24   0x08007c24   0x00000018   Data   RO         3236    .constdata          main.o
    0x08007c3c   0x08007c3c   0x00000028   Data   RO         3433    .constdata          c_w.l(_printf_hex_int.o)
    0x08007c64   0x08007c64   0x00000011   Data   RO         3463    .constdata          c_w.l(__printf_flags_wp.o)
    0x08007c75   0x08007c75   0x00000003   PAD
    0x08007c78   0x08007c78   0x00000020   Data   RO         3907    Region$$Table       anon$$obj.o


    Execution Region RW_IRAM1 (Exec base: 0x20000000, Load base: 0x08007c98, Size: 0x00000848, Max: 0x00020000, ABSOLUTE)

    Exec Addr    Load Addr    Size         Type   Attr      Idx    E Section Name        Object

    0x20000000   0x08007c98   0x00000010   Data   RW          214    .data               stm32f4xx_rcc.o
    0x20000010   0x08007ca8   0x0000000c   Data   RW         1598    .data               keyboard.o
    0x2000001c   0x08007cb4   0x00000008   Data   RW         1685    .data               printf.o
    0x20000024   0x08007cbc   0x00000001   Data   RW         1721    .data               usart1.o
    0x20000025   0x08007cbd   0x00000003   PAD
    0x20000028   0x08007cc0   0x00000005   Data   RW         1861    .data               bluetooth.o
    0x2000002d   0x08007cc5   0x00000003   PAD
    0x20000030   0x08007cc8   0x00000004   Data   RW         1907    .data               through-beam.o
    0x20000034   0x08007ccc   0x00000014   Data   RW         1950    .data               ds18b20.o
    0x20000048   0x08007ce0   0x00000004   Data   RW         2856    .data               lcd.o
    0x2000004c   0x08007ce4   0x00000004   Data   RW         3096    .data               common.o
    0x20000050   0x08007ce8   0x00000004   Data   RW         3237    .data               main.o
    0x20000054        -       0x00000020   Zero   RW         1597    .bss                keyboard.o
    0x20000074        -       0x00000064   Zero   RW         1720    .bss                usart1.o
    0x200000d8        -       0x00000100   Zero   RW         1860    .bss                bluetooth.o
    0x200001d8        -       0x0000000e   Zero   RW         2854    .bss                lcd.o
    0x200001e6   0x08007cec   0x00000002   PAD
    0x200001e8        -       0x00000060   Zero   RW         3650    .bss                c_w.l(libspace.o)
    0x20000248        -       0x00000200   Zero   RW            2    HEAP                startup_stm32f40_41xxx.o
    0x20000448        -       0x00000400   Zero   RW            1    STACK               startup_stm32f40_41xxx.o


==============================================================================

Image component sizes


      Code (inc. data)   RO Data    RW Data    ZI Data      Debug   Object Name

       456         54          0          5        256       2862   bluetooth.o
       260         18          0          4          0       2583   common.o
       152          0          0          0          0       2388   delay.o
       896        118          0         20          0       8005   ds18b20.o
        92         14          0          0          0       1697   heater_plate.o
       108          8          0          0          0       1130   jq8900.o
       776        104          0         12         32       4187   keyboard.o
     16420        178       6080          4         14      21112   lcd.o
       676        176         24          4          0       1034   main.o
       180         24          0          0          0     294193   misc.o
        38          4          0          8          0       2926   printf.o
       204         56          0          0          0       1279   raindrop_detection.o
        64         26        392          0       1536        884   startup_stm32f40_41xxx.o
       248         20          0          0          0       1400   steering.o
       184         16          0          0          0       2196   stm32f4xx_exti.o
       282          6          0          0          0       1889   stm32f4xx_fsmc.o
       240          0          0          0          0       3667   stm32f4xx_gpio.o
        26          0          0          0          0       4190   stm32f4xx_it.o
       360         42          0         16          0       5364   stm32f4xx_rcc.o
        64          4          0          0          0        676   stm32f4xx_syscfg.o
       326         38          0          0          0       4451   stm32f4xx_tim.o
       456          8          0          0          0       6271   stm32f4xx_usart.o
       340         32          0          0          0       1585   system_stm32f4xx.o
       176         10          0          4          0       1571   through-beam.o
       312         20          0          1        100       2035   usart1.o

    ----------------------------------------------------------------------
     23358        976       6530         84       1940     379575   Object Totals
         0          0         32          0          0          0   (incl. Generated)
        22          0          2          6          2          0   (incl. Padding)

    ----------------------------------------------------------------------

      Code (inc. data)   RO Data    RW Data    ZI Data      Debug   Library Member Name

        24          4          0          0          0         84   __2printf.o
        44          6          0          0          0         84   __2sprintf.o
         8          0          0          0          0         68   __main.o
       312          4         17          0          0         92   __printf_flags_wp.o
        14          0          0          0          0         68   __printf_wp.o
         0          0          0          0          0          0   __rtentry.o
        12          0          0          0          0          0   __rtentry2.o
         6          0          0          0          0          0   __rtentry4.o
        52          8          0          0          0          0   __scatter.o
        26          0          0          0          0          0   __scatter_copy.o
        28          0          0          0          0          0   __scatter_zi.o
        44          0          0          0          0        108   _printf_char.o
        48          6          0          0          0         96   _printf_char_common.o
        36          4          0          0          0         80   _printf_char_file.o
         6          0          0          0          0          0   _printf_d.o
       120         16          0          0          0         92   _printf_dec.o
        88          4         40          0          0         88   _printf_hex_int.o
       178          0          0          0          0         88   _printf_intcommon.o
         0          0          0          0          0          0   _printf_percent.o
         4          0          0          0          0          0   _printf_percent_end.o
         6          0          0          0          0          0   _printf_s.o
        82          0          0          0          0         80   _printf_str.o
         6          0          0          0          0          0   _printf_x.o
        10          0          0          0          0         68   _sputc.o
        18          0          0          0          0         80   exit.o
         8          0          0          0          0         68   ferror.o
         6          0          0          0          0        152   heapauxi.o
         2          0          0          0          0          0   libinit.o
         6          0          0          0          0          0   libinit2.o
         2          0          0          0          0          0   libshutdown.o
         2          0          0          0          0          0   libshutdown2.o
         8          4          0          0         96         68   libspace.o
         2          0          0          0          0          0   rtexit.o
        10          0          0          0          0          0   rtexit2.o
        74          0          0          0          0         80   sys_stackheap_outer.o
         2          0          0          0          0         68   use_no_semi.o
        90          4          0          0          0        140   dfixu.o
        38          0          0          0          0        116   dflt_clz.o
       340         12          0          0          0        152   dmul.o
       156          4          0          0          0        140   dnaninf.o
        12          0          0          0          0        116   dretinf.o
        10          0          0          0          0        116   fpinit.o
         0          0          0          0          0          0   usenofp.o

    ----------------------------------------------------------------------
      1948         76         60          0         96       2392   Library Totals
         8          0          3          0          0          0   (incl. Padding)

    ----------------------------------------------------------------------

      Code (inc. data)   RO Data    RW Data    ZI Data      Debug   Library Name

      1294         56         57          0         96       1612   c_w.l
       646         20          0          0          0        780   fz_wm.l

    ----------------------------------------------------------------------
      1948         76         60          0         96       2392   Library Totals

    ----------------------------------------------------------------------

==============================================================================


      Code (inc. data)   RO Data    RW Data    ZI Data      Debug   

     25306       1052       6590         84       2036     371287   Grand Totals
     25306       1052       6590         84       2036     371287   ELF Image Totals
     25306       1052       6590         84          0          0   ROM Totals

==============================================================================

    Total RO  Size (Code + RO Data)                31896 (  31.15kB)
    Total RW  Size (RW Data + ZI Data)              2120 (   2.07kB)
    Total ROM Size (Code + RO Data + RW Data)      31980 (  31.23kB)

==============================================================================

